../Core/Src/main.c:165:6:delay	16	static
../Core/Src/main.c:172:6:LED_Reset	8	static
../Core/Src/main.c:182:6:LED_Follow	8	static
../Core/Src/main.c:209:6:LED_Flash	8	static
../Core/Src/main.c:229:6:chrg_led_reset	8	static
../Core/Src/main.c:237:6:overcharge	8	static
../Core/Src/main.c:245:6:led_quick_flash	8	static
../Core/Src/main.c:262:5:Charge_val_round	16	static
../Core/Src/main.c:283:6:HAL_GPIO_EXTI_Callback	16	static
../Core/Src/main.c:295:6:HAL_TIM_PWM_PulseFinishedCallback	16	static
../Core/Src/main.c:299:6:HAL_ADC_ConvCpltCallback	24	static,ignoring_inline_asm
../Core/Src/main.c:316:5:main	8	static
../Core/Src/main.c:437:6:SystemClock_Config	88	static
../Core/Src/main.c:483:13:MX_ADC1_Init	24	static
../Core/Src/main.c:544:13:MX_TIM3_Init	32	static
../Core/Src/main.c:589:13:MX_TIM4_Init	64	static
../Core/Src/main.c:647:13:MX_TIM10_Init	8	static
../Core/Src/main.c:676:13:MX_DMA_Init	16	static
../Core/Src/main.c:694:13:MX_GPIO_Init	48	static
../Core/Src/main.c:770:6:USB_Listen_Start	80	static
../Core/Src/main.c:816:6:StartCheckZVS	16	static
../Core/Src/main.c:868:6:StartLEDStandby	16	static
../Core/Src/main.c:888:6:StartSelfTest	16	static
../Core/Src/main.c:920:6:StartProcessADC	32	static
../Core/Src/main.c:962:6:StartLED_Control	24	static
../Core/Src/main.c:1031:6:StartFiringSeq	16	static
../Core/Src/main.c:1083:6:HAL_TIM_PeriodElapsedCallback	16	static
../Core/Src/main.c:1101:6:Error_Handler	4	static,ignoring_inline_asm
