Archive member included to satisfy reference by file (symbol)

c:/st/stm32cubeide_1.12.1/stm32cubeide/plugins/com.st.stm32cube.ide.mcu.externaltools.gnu-tools-for-stm32.10.3-2021.10.win32_1.0.200.202301161003/tools/bin/../lib/gcc/arm-none-eabi/10.3.1/../../../../arm-none-eabi/lib/thumb/v7e-m+fp/hard\libc_nano.a(lib_a-atoi.o)
                              ./Core/Src/main.o (atoi)
c:/st/stm32cubeide_1.12.1/stm32cubeide/plugins/com.st.stm32cube.ide.mcu.externaltools.gnu-tools-for-stm32.10.3-2021.10.win32_1.0.200.202301161003/tools/bin/../lib/gcc/arm-none-eabi/10.3.1/../../../../arm-none-eabi/lib/thumb/v7e-m+fp/hard\libc_nano.a(lib_a-errno.o)
                              ./Core/Src/syscalls.o (__errno)
c:/st/stm32cubeide_1.12.1/stm32cubeide/plugins/com.st.stm32cube.ide.mcu.externaltools.gnu-tools-for-stm32.10.3-2021.10.win32_1.0.200.202301161003/tools/bin/../lib/gcc/arm-none-eabi/10.3.1/../../../../arm-none-eabi/lib/thumb/v7e-m+fp/hard\libc_nano.a(lib_a-exit.o)
                              c:/st/stm32cubeide_1.12.1/stm32cubeide/plugins/com.st.stm32cube.ide.mcu.externaltools.gnu-tools-for-stm32.10.3-2021.10.win32_1.0.200.202301161003/tools/bin/../lib/gcc/arm-none-eabi/10.3.1/../../../../arm-none-eabi/lib/thumb/v7e-m+fp/hard/crt0.o (exit)
c:/st/stm32cubeide_1.12.1/stm32cubeide/plugins/com.st.stm32cube.ide.mcu.externaltools.gnu-tools-for-stm32.10.3-2021.10.win32_1.0.200.202301161003/tools/bin/../lib/gcc/arm-none-eabi/10.3.1/../../../../arm-none-eabi/lib/thumb/v7e-m+fp/hard\libc_nano.a(lib_a-impure.o)
                              c:/st/stm32cubeide_1.12.1/stm32cubeide/plugins/com.st.stm32cube.ide.mcu.externaltools.gnu-tools-for-stm32.10.3-2021.10.win32_1.0.200.202301161003/tools/bin/../lib/gcc/arm-none-eabi/10.3.1/../../../../arm-none-eabi/lib/thumb/v7e-m+fp/hard\libc_nano.a(lib_a-exit.o) (_global_impure_ptr)
c:/st/stm32cubeide_1.12.1/stm32cubeide/plugins/com.st.stm32cube.ide.mcu.externaltools.gnu-tools-for-stm32.10.3-2021.10.win32_1.0.200.202301161003/tools/bin/../lib/gcc/arm-none-eabi/10.3.1/../../../../arm-none-eabi/lib/thumb/v7e-m+fp/hard\libc_nano.a(lib_a-init.o)
                              c:/st/stm32cubeide_1.12.1/stm32cubeide/plugins/com.st.stm32cube.ide.mcu.externaltools.gnu-tools-for-stm32.10.3-2021.10.win32_1.0.200.202301161003/tools/bin/../lib/gcc/arm-none-eabi/10.3.1/../../../../arm-none-eabi/lib/thumb/v7e-m+fp/hard/crt0.o (__libc_init_array)
c:/st/stm32cubeide_1.12.1/stm32cubeide/plugins/com.st.stm32cube.ide.mcu.externaltools.gnu-tools-for-stm32.10.3-2021.10.win32_1.0.200.202301161003/tools/bin/../lib/gcc/arm-none-eabi/10.3.1/../../../../arm-none-eabi/lib/thumb/v7e-m+fp/hard\libc_nano.a(lib_a-memcpy-stub.o)
                              ./Middlewares/Third_Party/FreeRTOS/Source/CMSIS_RTOS_V2/cmsis_os2.o (memcpy)
c:/st/stm32cubeide_1.12.1/stm32cubeide/plugins/com.st.stm32cube.ide.mcu.externaltools.gnu-tools-for-stm32.10.3-2021.10.win32_1.0.200.202301161003/tools/bin/../lib/gcc/arm-none-eabi/10.3.1/../../../../arm-none-eabi/lib/thumb/v7e-m+fp/hard\libc_nano.a(lib_a-memset.o)
                              c:/st/stm32cubeide_1.12.1/stm32cubeide/plugins/com.st.stm32cube.ide.mcu.externaltools.gnu-tools-for-stm32.10.3-2021.10.win32_1.0.200.202301161003/tools/bin/../lib/gcc/arm-none-eabi/10.3.1/../../../../arm-none-eabi/lib/thumb/v7e-m+fp/hard/crt0.o (memset)
c:/st/stm32cubeide_1.12.1/stm32cubeide/plugins/com.st.stm32cube.ide.mcu.externaltools.gnu-tools-for-stm32.10.3-2021.10.win32_1.0.200.202301161003/tools/bin/../lib/gcc/arm-none-eabi/10.3.1/../../../../arm-none-eabi/lib/thumb/v7e-m+fp/hard\libc_nano.a(lib_a-sprintf.o)
                              ./Core/Src/main.o (sprintf)
c:/st/stm32cubeide_1.12.1/stm32cubeide/plugins/com.st.stm32cube.ide.mcu.externaltools.gnu-tools-for-stm32.10.3-2021.10.win32_1.0.200.202301161003/tools/bin/../lib/gcc/arm-none-eabi/10.3.1/../../../../arm-none-eabi/lib/thumb/v7e-m+fp/hard\libc_nano.a(lib_a-strcmp.o)
                              ./Core/Src/main.o (strcmp)
c:/st/stm32cubeide_1.12.1/stm32cubeide/plugins/com.st.stm32cube.ide.mcu.externaltools.gnu-tools-for-stm32.10.3-2021.10.win32_1.0.200.202301161003/tools/bin/../lib/gcc/arm-none-eabi/10.3.1/../../../../arm-none-eabi/lib/thumb/v7e-m+fp/hard\libc_nano.a(lib_a-strlen.o)
                              ./Core/Src/main.o (strlen)
c:/st/stm32cubeide_1.12.1/stm32cubeide/plugins/com.st.stm32cube.ide.mcu.externaltools.gnu-tools-for-stm32.10.3-2021.10.win32_1.0.200.202301161003/tools/bin/../lib/gcc/arm-none-eabi/10.3.1/../../../../arm-none-eabi/lib/thumb/v7e-m+fp/hard\libc_nano.a(lib_a-strtol.o)
                              c:/st/stm32cubeide_1.12.1/stm32cubeide/plugins/com.st.stm32cube.ide.mcu.externaltools.gnu-tools-for-stm32.10.3-2021.10.win32_1.0.200.202301161003/tools/bin/../lib/gcc/arm-none-eabi/10.3.1/../../../../arm-none-eabi/lib/thumb/v7e-m+fp/hard\libc_nano.a(lib_a-atoi.o) (_strtol_r)
[...]
Memory Configuration

Name             Origin             Length             Attributes
RAM              0x0000000020000000 0x0000000000010000 xrw
FLASH            0x0000000008000000 0x0000000000020000 xr
*default*        0x0000000000000000 0xffffffffffffffff

Linker script and memory map

LOAD c:/st/stm32cubeide_1.12.1/stm32cubeide/plugins/com.st.stm32cube.ide.mcu.externaltools.gnu-tools-for-stm32.10.3-2021.10.win32_1.0.200.202301161003/tools/bin/../lib/gcc/arm-none-eabi/10.3.1/thumb/v7e-m+fp/hard/crti.o
LOAD c:/st/stm32cubeide_1.12.1/stm32cubeide/plugins/com.st.stm32cube.ide.mcu.externaltools.gnu-tools-for-stm32.10.3-2021.10.win32_1.0.200.202301161003/tools/bin/../lib/gcc/arm-none-eabi/10.3.1/thumb/v7e-m+fp/hard/crtbegin.o
LOAD c:/st/stm32cubeide_1.12.1/stm32cubeide/plugins/com.st.stm32cube.ide.mcu.externaltools.gnu-tools-for-stm32.10.3-2021.10.win32_1.0.200.202301161003/tools/bin/../lib/gcc/arm-none-eabi/10.3.1/../../../../arm-none-eabi/lib/thumb/v7e-m+fp/hard/crt0.o
LOAD ./Core/Src/freertos.o
LOAD ./Core/Src/main.o
LOAD ./Core/Src/stm32f4xx_hal_msp.o
LOAD ./Core/Src/stm32f4xx_hal_timebase_tim.o
LOAD ./Core/Src/stm32f4xx_it.o
LOAD ./Core/Src/syscalls.o
LOAD ./Core/Src/sysmem.o
LOAD ./Core/Src/system_stm32f4xx.o
LOAD ./Core/Startup/startup_stm32f401rbtx.o
LOAD ./Drivers/STM32F4xx_HAL_Driver/Src/stm32f4xx_hal.o
LOAD ./Drivers/STM32F4xx_HAL_Driver/Src/stm32f4xx_hal_adc.o
LOAD ./Drivers/STM32F4xx_HAL_Driver/Src/stm32f4xx_hal_adc_ex.o
LOAD ./Drivers/STM32F4xx_HAL_Driver/Src/stm32f4xx_hal_cortex.o
LOAD ./Drivers/STM32F4xx_HAL_Driver/Src/stm32f4xx_hal_dma.o
LOAD ./Drivers/STM32F4xx_HAL_Driver/Src/stm32f4xx_hal_dma_ex.o
LOAD ./Drivers/STM32F4xx_HAL_Driver/Src/stm32f4xx_hal_exti.o
LOAD ./Drivers/STM32F4xx_HAL_Driver/Src/stm32f4xx_hal_flash.o
LOAD ./Drivers/STM32F4xx_HAL_Driver/Src/stm32f4xx_hal_flash_ex.o
LOAD ./Drivers/STM32F4xx_HAL_Driver/Src/stm32f4xx_hal_flash_ramfunc.o
LOAD ./Drivers/STM32F4xx_HAL_Driver/Src/stm32f4xx_hal_gpio.o
LOAD ./Drivers/STM32F4xx_HAL_Driver/Src/stm32f4xx_hal_pcd.o
LOAD ./Drivers/STM32F4xx_HAL_Driver/Src/stm32f4xx_hal_pcd_ex.o
LOAD ./Drivers/STM32F4xx_HAL_Driver/Src/stm32f4xx_hal_pwr.o
LOAD ./Drivers/STM32F4xx_HAL_Driver/Src/stm32f4xx_hal_pwr_ex.o
LOAD ./Drivers/STM32F4xx_HAL_Driver/Src/stm32f4xx_hal_rcc.o
LOAD ./Drivers/STM32F4xx_HAL_Driver/Src/stm32f4xx_hal_rcc_ex.o
LOAD ./Drivers/STM32F4xx_HAL_Driver/Src/stm32f4xx_hal_tim.o
LOAD ./Drivers/STM32F4xx_HAL_Driver/Src/stm32f4xx_hal_tim_ex.o
LOAD ./Drivers/STM32F4xx_HAL_Driver/Src/stm32f4xx_ll_adc.o
LOAD ./Drivers/STM32F4xx_HAL_Driver/Src/stm32f4xx_ll_usb.o
LOAD ./Middlewares/ST/STM32_USB_Device_Library/Class/CDC/Src/usbd_cdc.o
LOAD ./Middlewares/ST/STM32_USB_Device_Library/Core/Src/usbd_core.o
LOAD ./Middlewares/ST/STM32_USB_Device_Library/Core/Src/usbd_ctlreq.o
LOAD ./Middlewares/ST/STM32_USB_Device_Library/Core/Src/usbd_ioreq.o
LOAD ./Middlewares/Third_Party/FreeRTOS/Source/CMSIS_RTOS_V2/cmsis_os2.o
LOAD ./Middlewares/Third_Party/FreeRTOS/Source/croutine.o
LOAD ./Middlewares/Third_Party/FreeRTOS/Source/event_groups.o
LOAD ./Middlewares/Third_Party/FreeRTOS/Source/list.o
LOAD ./Middlewares/Third_Party/FreeRTOS/Source/queue.o
LOAD ./Middlewares/Third_Party/FreeRTOS/Source/stream_buffer.o
LOAD ./Middlewares/Third_Party/FreeRTOS/Source/tasks.o
LOAD ./Middlewares/Third_Party/FreeRTOS/Source/timers.o
LOAD ./Middlewares/Third_Party/FreeRTOS/Source/portable/GCC/ARM_CM4F/port.o
LOAD ./Middlewares/Third_Party/FreeRTOS/Source/portable/MemMang/heap_4.o
LOAD ./USB_DEVICE/App/usb_device.o
LOAD ./USB_DEVICE/App/usbd_cdc_if.o
LOAD ./USB_DEVICE/App/usbd_desc.o
LOAD ./USB_DEVICE/Target/usbd_conf.o
START GROUP
LOAD c:/st/stm32cubeide_1.12.1/stm32cubeide/plugins/com.st.stm32cube.ide.mcu.externaltools.gnu-tools-for-stm32.10.3-2021.10.win32_1.0.200.202301161003/tools/bin/../lib/gcc/arm-none-eabi/10.3.1/../../../../arm-none-eabi/lib/thumb/v7e-m+fp/hard\libc_nano.a
LOAD c:/st/stm32cubeide_1.12.1/stm32cubeide/plugins/com.st.stm32cube.ide.mcu.externaltools.gnu-tools-for-stm32.10.3-2021.10.win32_1.0.200.202301161003/tools/bin/../lib/gcc/arm-none-eabi/10.3.1/../../../../arm-none-eabi/lib/thumb/v7e-m+fp/hard\libm.a
END GROUP
START GROUP
LOAD c:/st/stm32cubeide_1.12.1/stm32cubeide/plugins/com.st.stm32cube.ide.mcu.externaltools.gnu-tools-for-stm32.10.3-2021.10.win32_1.0.200.202301161003/tools/bin/../lib/gcc/arm-none-eabi/10.3.1/thumb/v7e-m+fp/hard\libgcc.a
LOAD c:/st/stm32cubeide_1.12.1/stm32cubeide/plugins/com.st.stm32cube.ide.mcu.externaltools.gnu-tools-for-stm32.10.3-2021.10.win32_1.0.200.202301161003/tools/bin/../lib/gcc/arm-none-eabi/10.3.1/../../../../arm-none-eabi/lib/thumb/v7e-m+fp/hard\libc_nano.a
END GROUP
START GROUP
LOAD c:/st/stm32cubeide_1.12.1/stm32cubeide/plugins/com.st.stm32cube.ide.mcu.externaltools.gnu-tools-for-stm32.10.3-2021.10.win32_1.0.200.202301161003/tools/bin/../lib/gcc/arm-none-eabi/10.3.1/thumb/v7e-m+fp/hard\libgcc.a
LOAD c:/st/stm32cubeide_1.12.1/stm32cubeide/plugins/com.st.stm32cube.ide.mcu.externaltools.gnu-tools-for-stm32.10.3-2021.10.win32_1.0.200.202301161003/tools/bin/../lib/gcc/arm-none-eabi/10.3.1/../../../../arm-none-eabi/lib/thumb/v7e-m+fp/hard\libc_nano.a
LOAD c:/st/stm32cubeide_1.12.1/stm32cubeide/plugins/com.st.stm32cube.ide.mcu.externaltools.gnu-tools-for-stm32.10.3-2021.10.win32_1.0.200.202301161003/tools/bin/../lib/gcc/arm-none-eabi/10.3.1/../../../../arm-none-eabi/lib/thumb/v7e-m+fp/hard\libnosys.a
END GROUP
START GROUP
LOAD c:/st/stm32cubeide_1.12.1/stm32cubeide/plugins/com.st.stm32cube.ide.mcu.externaltools.gnu-tools-for-stm32.10.3-2021.10.win32_1.0.200.202301161003/tools/bin/../lib/gcc/arm-none-eabi/10.3.1/thumb/v7e-m+fp/hard\libgcc.a
LOAD c:/st/stm32cubeide_1.12.1/stm32cubeide/plugins/com.st.stm32cube.ide.mcu.externaltools.gnu-tools-for-stm32.10.3-2021.10.win32_1.0.200.202301161003/tools/bin/../lib/gcc/arm-none-eabi/10.3.1/../../../../arm-none-eabi/lib/thumb/v7e-m+fp/hard\libc_nano.a
LOAD c:/st/stm32cubeide_1.12.1/stm32cubeide/plugins/com.st.stm32cube.ide.mcu.externaltools.gnu-tools-for-stm32.10.3-2021.10.win32_1.0.200.202301161003/tools/bin/../lib/gcc/arm-none-eabi/10.3.1/../../../../arm-none-eabi/lib/thumb/v7e-m+fp/hard\libnosys.a
END GROUP
LOAD c:/st/stm32cubeide_1.12.1/stm32cubeide/plugins/com.st.stm32cube.ide.mcu.externaltools.gnu-tools-for-stm32.10.3-2021.10.win32_1.0.200.202301161003/tools/bin/../lib/gcc/arm-none-eabi/10.3.1/thumb/v7e-m+fp/hard/crtend.o
LOAD c:/st/stm32cubeide_1.12.1/stm32cubeide/plugins/com.st.stm32cube.ide.mcu.externaltools.gnu-tools-for-stm32.10.3-2021.10.win32_1.0.200.202301161003/tools/bin/../lib/gcc/arm-none-eabi/10.3.1/thumb/v7e-m+fp/hard/crtn.o
                0x0000000020010000                _estack = (ORIGIN (RAM) + LENGTH (RAM))
                0x0000000000000200                _Min_Heap_Size = 0x200
                0x0000000000000400                _Min_Stack_Size = 0x400

.isr_vector     0x0000000008000000      0x194
                0x0000000008000000                . = ALIGN (0x4)
 *(.isr_vector)
 .isr_vector    0x0000000008000000      0x194 ./Core/Startup/startup_stm32f401rbtx.o
                0x0000000008000000                g_pfnVectors
                0x0000000008000194                . = ALIGN (0x4)

.text           0x00000000080001a0     0xe704
                0x00000000080001a0                . = ALIGN (0x4)
 *(.text)
 .text          0x00000000080001a0       0x40 c:/st/stm32cubeide_1.12.1/stm32cubeide/plugins/com.st.stm32cube.ide.mcu.externaltools.gnu-tools-for-stm32.10.3-2021.10.win32_1.0.200.202301161003/tools/bin/../lib/gcc/arm-none-eabi/10.3.1/thumb/v7e-m+fp/hard/crtbegin.o
 .text          0x00000000080001e0       0x14 c:/st/stm32cubeide_1.12.1/stm32cubeide/plugins/com.st.stm32cube.ide.mcu.externaltools.gnu-tools-for-stm32.10.3-2021.10.win32_1.0.200.202301161003/tools/bin/../lib/gcc/arm-none-eabi/10.3.1/../../../../arm-none-eabi/lib/thumb/v7e-m+fp/hard\libc_nano.a(lib_a-strcmp.o)
                0x00000000080001e0                strcmp
 .text          0x00000000080001f4       0x10 c:/st/stm32cubeide_1.12.1/stm32cubeide/plugins/com.st.stm32cube.ide.mcu.externaltools.gnu-tools-for-stm32.10.3-2021.10.win32_1.0.200.202301161003/tools/bin/../lib/gcc/arm-none-eabi/10.3.1/../../../../arm-none-eabi/lib/thumb/v7e-m+fp/hard\libc_nano.a(lib_a-strlen.o)
                0x00000000080001f4                strlen
 *fill*         0x0000000008000204        0xc 
 .text          0x0000000008000210       0xa0 c:/st/stm32cubeide_1.12.1/stm32cubeide/plugins/com.st.stm32cube.ide.mcu.externaltools.gnu-tools-for-stm32.10.3-2021.10.win32_1.0.200.202301161003/tools/bin/../lib/gcc/arm-none-eabi/10.3.1/../../../../arm-none-eabi/lib/thumb/v7e-m+fp/hard\libc_nano.a(lib_a-memchr.o)
                0x0000000008000210                memchr
 .text          0x00000000080002b0      0x254 c:/st/stm32cubeide_1.12.1/stm32cubeide/plugins/com.st.stm32cube.ide.mcu.externaltools.gnu-tools-for-stm32.10.3-2021.10.win32_1.0.200.202301161003/tools/bin/../lib/gcc/arm-none-eabi/10.3.1/thumb/v7e-m+fp/hard\libgcc.a(_arm_muldf3.o)
                0x00000000080002b0                __muldf3
                0x00000000080002b0                __aeabi_dmul
 .text          0x0000000008000504      0x378 c:/st/stm32cubeide_1.12.1/stm32cubeide/plugins/com.st.stm32cube.ide.mcu.externaltools.gnu-tools-for-stm32.10.3-2021.10.win32_1.0.200.202301161003/tools/bin/../lib/gcc/arm-none-eabi/10.3.1/thumb/v7e-m+fp/hard\libgcc.a(_arm_addsubdf3.o)
                0x0000000008000504                __aeabi_drsub
                0x000000000800050c                __aeabi_dsub
                0x000000000800050c                __subdf3
                0x0000000008000510                __aeabi_dadd
                0x0000000008000510                __adddf3
                0x0000000008000788                __floatunsidf
                0x0000000008000788                __aeabi_ui2d
                0x00000000080007a8                __floatsidf
                0x00000000080007a8                __aeabi_i2d
                0x00000000080007cc                __aeabi_f2d
                0x00000000080007cc                __extendsfdf2
                0x0000000008000810                __floatundidf
                0x0000000008000810                __aeabi_ul2d
                0x0000000008000820                __floatdidf
                0x0000000008000820                __aeabi_l2d
 .text          0x000000000800087c       0x50 c:/st/stm32cubeide_1.12.1/stm32cubeide/plugins/com.st.stm32cube.ide.mcu.externaltools.gnu-tools-for-stm32.10.3-2021.10.win32_1.0.200.202301161003/tools/bin/../lib/gcc/arm-none-eabi/10.3.1/thumb/v7e-m+fp/hard\libgcc.a(_arm_fixdfsi.o)
                0x000000000800087c                __aeabi_d2iz
                0x000000000800087c                __fixdfsi
 .text          0x00000000080008cc       0x30 c:/st/stm32cubeide_1.12.1/stm32cubeide/plugins/com.st.stm32cube.ide.mcu.externaltools.gnu-tools-for-stm32.10.3-2021.10.win32_1.0.200.202301161003/tools/bin/../lib/gcc/arm-none-eabi/10.3.1/thumb/v7e-m+fp/hard\libgcc.a(_aeabi_uldivmod.o)
                0x00000000080008cc                __aeabi_uldivmod
 .text          0x00000000080008fc      0x2d0 c:/st/stm32cubeide_1.12.1/stm32cubeide/plugins/com.st.stm32cube.ide.mcu.externaltools.gnu-tools-for-stm32.10.3-2021.10.win32_1.0.200.202301161003/tools/bin/../lib/gcc/arm-none-eabi/10.3.1/thumb/v7e-m+fp/hard\libgcc.a(_udivmoddi4.o)
                0x00000000080008fc                __udivmoddi4
 .text          0x0000000008000bcc        0x4 c:/st/stm32cubeide_1.12.1/stm32cubeide/plugins/com.st.stm32cube.ide.mcu.externaltools.gnu-tools-for-stm32.10.3-2021.10.win32_1.0.200.202301161003/tools/bin/../lib/gcc/arm-none-eabi/10.3.1/thumb/v7e-m+fp/hard\libgcc.a(_dvmd_tls.o)
                0x0000000008000bcc                __aeabi_idiv0
                0x0000000008000bcc                __aeabi_ldiv0
 *(.text*)
 .text.delay    0x0000000008000bd0       0x34 ./Core/Src/main.o
                0x0000000008000bd0                delay
 .text.LED_Reset
                0x0000000008000c04       0x60 ./Core/Src/main.o
                0x0000000008000c04                LED_Reset
 .text.LED_Follow
                0x0000000008000c64       0xe4 ./Core/Src/main.o
                0x0000000008000c64                LED_Follow
 .text.LED_Flash
                0x0000000008000d48       0xc4 ./Core/Src/main.o
                0x0000000008000d48                LED_Flash
 .text.chrg_led_reset
                0x0000000008000e0c       0x3c ./Core/Src/main.o
                0x0000000008000e0c                chrg_led_reset
 .text.led_quick_flash
                0x0000000008000e48       0xa8 ./Core/Src/main.o
                0x0000000008000e48                led_quick_flash
 .text.Charge_val_round
                0x0000000008000ef0       0x52 ./Core/Src/main.o
                0x0000000008000ef0                Charge_val_round
 *fill*         0x0000000008000f42        0x2 
 .text.HAL_GPIO_EXTI_Callback
                0x0000000008000f44       0x34 ./Core/Src/main.o
                0x0000000008000f44                HAL_GPIO_EXTI_Callback
 .text.HAL_TIM_PWM_PulseFinishedCallback
                0x0000000008000f78       0x24 ./Core/Src/main.o
                0x0000000008000f78                HAL_TIM_PWM_PulseFinishedCallback
 .text.HAL_ADC_ConvCpltCallback
                0x0000000008000f9c       0x7c ./Core/Src/main.o
                0x0000000008000f9c                HAL_ADC_ConvCpltCallback
 .text.main     0x0000000008001018      0x19c ./Core/Src/main.o
                0x0000000008001018                main
 .text.SystemClock_Config
                0x00000000080011b4       0xd4 ./Core/Src/main.o
                0x00000000080011b4                SystemClock_Config
 .text.MX_ADC1_Init
                0x0000000008001288       0xc0 ./Core/Src/main.o
 .text.MX_TIM3_Init
                0x0000000008001348       0x9c ./Core/Src/main.o
 .text.MX_TIM4_Init
                0x00000000080013e4       0xe8 ./Core/Src/main.o
 .text.MX_TIM10_Init
                0x00000000080014cc       0x48 ./Core/Src/main.o
 .text.MX_DMA_Init
                0x0000000008001514       0x40 ./Core/Src/main.o
 .text.MX_GPIO_Init
                0x0000000008001554      0x160 ./Core/Src/main.o
 .text.USB_Listen_Start
                0x00000000080016b4       0xc8 ./Core/Src/main.o
                0x00000000080016b4                USB_Listen_Start
 .text.StartCheckZVS
                0x000000000800177c       0xbc ./Core/Src/main.o
                0x000000000800177c                StartCheckZVS
 .text.StartLEDStandby
                0x0000000008001838        0xe ./Core/Src/main.o
                0x0000000008001838                StartLEDStandby
 *fill*         0x0000000008001846        0x2 
 .text.StartSelfTest
                0x0000000008001848       0x8c ./Core/Src/main.o
                0x0000000008001848                StartSelfTest
 *fill*         0x00000000080018d4        0x4 
 .text.StartProcessADC
                0x00000000080018d8      0x120 ./Core/Src/main.o
                0x00000000080018d8                StartProcessADC
 .text.StartLED_Control
                0x00000000080019f8      0x160 ./Core/Src/main.o
                0x00000000080019f8                StartLED_Control
 .text.StartFiringSeq
                0x0000000008001b58       0xe4 ./Core/Src/main.o
                0x0000000008001b58                StartFiringSeq
 .text.HAL_TIM_PeriodElapsedCallback
                0x0000000008001c3c       0x3c ./Core/Src/main.o
                0x0000000008001c3c                HAL_TIM_PeriodElapsedCallback
 .text.Error_Handler
                0x0000000008001c78        0xa ./Core/Src/main.o
                0x0000000008001c78                Error_Handler
 *fill*         0x0000000008001c82        0x2 
 .text.HAL_MspInit
                0x0000000008001c84       0x58 ./Core/Src/stm32f4xx_hal_msp.o
                0x0000000008001c84                HAL_MspInit
 .text.HAL_ADC_MspInit
                0x0000000008001cdc       0xf0 ./Core/Src/stm32f4xx_hal_msp.o
                0x0000000008001cdc                HAL_ADC_MspInit
 .text.HAL_TIM_Base_MspInit
                0x0000000008001dcc       0xb8 ./Core/Src/stm32f4xx_hal_msp.o
                0x0000000008001dcc                HAL_TIM_Base_MspInit
 .text.HAL_InitTick
                0x0000000008001e84       0xf8 ./Core/Src/stm32f4xx_hal_timebase_tim.o
                0x0000000008001e84                HAL_InitTick
 .text.NMI_Handler
                0x0000000008001f7c        0x6 ./Core/Src/stm32f4xx_it.o
                0x0000000008001f7c                NMI_Handler
 .text.HardFault_Handler
                0x0000000008001f82        0x6 ./Core/Src/stm32f4xx_it.o
                0x0000000008001f82                HardFault_Handler
 .text.MemManage_Handler
                0x0000000008001f88        0x6 ./Core/Src/stm32f4xx_it.o
                0x0000000008001f88                MemManage_Handler
 .text.BusFault_Handler
                0x0000000008001f8e        0x6 ./Core/Src/stm32f4xx_it.o
                0x0000000008001f8e                BusFault_Handler
 .text.UsageFault_Handler
                0x0000000008001f94        0x6 ./Core/Src/stm32f4xx_it.o
                0x0000000008001f94                UsageFault_Handler
 .text.DebugMon_Handler
                0x0000000008001f9a        0xe ./Core/Src/stm32f4xx_it.o
                0x0000000008001f9a                DebugMon_Handler
 .text.TIM1_UP_TIM10_IRQHandler
                0x0000000008001fa8       0x14 ./Core/Src/stm32f4xx_it.o
                0x0000000008001fa8                TIM1_UP_TIM10_IRQHandler
 .text.TIM2_IRQHandler
                0x0000000008001fbc       0x14 ./Core/Src/stm32f4xx_it.o
                0x0000000008001fbc                TIM2_IRQHandler
 .text.TIM4_IRQHandler
                0x0000000008001fd0       0x14 ./Core/Src/stm32f4xx_it.o
                0x0000000008001fd0                TIM4_IRQHandler
 .text.EXTI15_10_IRQHandler
                0x0000000008001fe4       0x10 ./Core/Src/stm32f4xx_it.o
                0x0000000008001fe4                EXTI15_10_IRQHandler
 .text.DMA2_Stream0_IRQHandler
                0x0000000008001ff4       0x14 ./Core/Src/stm32f4xx_it.o
                0x0000000008001ff4                DMA2_Stream0_IRQHandler
 .text.OTG_FS_IRQHandler
                0x0000000008002008       0x14 ./Core/Src/stm32f4xx_it.o
                0x0000000008002008                OTG_FS_IRQHandler
 .text._sbrk    0x000000000800201c       0x6c ./Core/Src/sysmem.o
                0x000000000800201c                _sbrk
 .text.SystemInit
                0x0000000008002088       0x24 ./Core/Src/system_stm32f4xx.o
                0x0000000008002088                SystemInit
 .text.Reset_Handler
                0x00000000080020ac       0x50 ./Core/Startup/startup_stm32f401rbtx.o
                0x00000000080020ac                Reset_Handler
 .text.Default_Handler
                0x00000000080020fc        0x2 ./Core/Startup/startup_stm32f401rbtx.o
                0x00000000080020fc                RTC_Alarm_IRQHandler
                0x00000000080020fc                EXTI2_IRQHandler
                0x00000000080020fc                SPI4_IRQHandler
                0x00000000080020fc                TIM1_CC_IRQHandler
                0x00000000080020fc                DMA2_Stream5_IRQHandler
                0x00000000080020fc                DMA1_Stream5_IRQHandler
                0x00000000080020fc                PVD_IRQHandler
                0x00000000080020fc                SDIO_IRQHandler
                0x00000000080020fc                TAMP_STAMP_IRQHandler
                0x00000000080020fc                EXTI3_IRQHandler
                0x00000000080020fc                I2C3_ER_IRQHandler
                0x00000000080020fc                EXTI0_IRQHandler
                0x00000000080020fc                I2C2_EV_IRQHandler
                0x00000000080020fc                DMA1_Stream2_IRQHandler
                0x00000000080020fc                FPU_IRQHandler
                0x00000000080020fc                DMA2_Stream2_IRQHandler
                0x00000000080020fc                SPI1_IRQHandler
                0x00000000080020fc                TIM1_BRK_TIM9_IRQHandler
                0x00000000080020fc                DMA2_Stream3_IRQHandler
                0x00000000080020fc                USART6_IRQHandler
                0x00000000080020fc                I2C1_EV_IRQHandler
                0x00000000080020fc                DMA1_Stream6_IRQHandler
                0x00000000080020fc                DMA1_Stream1_IRQHandler
                0x00000000080020fc                TIM3_IRQHandler
                0x00000000080020fc                RCC_IRQHandler
                0x00000000080020fc                Default_Handler
                0x00000000080020fc                ADC_IRQHandler
                0x00000000080020fc                DMA1_Stream7_IRQHandler
                0x00000000080020fc                TIM5_IRQHandler
                0x00000000080020fc                DMA2_Stream7_IRQHandler
                0x00000000080020fc                I2C3_EV_IRQHandler
                0x00000000080020fc                EXTI9_5_IRQHandler
                0x00000000080020fc                RTC_WKUP_IRQHandler
                0x00000000080020fc                SPI2_IRQHandler
                0x00000000080020fc                DMA1_Stream0_IRQHandler
                0x00000000080020fc                EXTI4_IRQHandler
                0x00000000080020fc                WWDG_IRQHandler
                0x00000000080020fc                OTG_FS_WKUP_IRQHandler
                0x00000000080020fc                TIM1_TRG_COM_TIM11_IRQHandler
                0x00000000080020fc                EXTI1_IRQHandler
                0x00000000080020fc                USART2_IRQHandler
                0x00000000080020fc                I2C2_ER_IRQHandler
                0x00000000080020fc                DMA2_Stream1_IRQHandler
                0x00000000080020fc                FLASH_IRQHandler
                0x00000000080020fc                DMA2_Stream4_IRQHandler
                0x00000000080020fc                USART1_IRQHandler
                0x00000000080020fc                SPI3_IRQHandler
                0x00000000080020fc                DMA1_Stream4_IRQHandler
                0x00000000080020fc                I2C1_ER_IRQHandler
                0x00000000080020fc                DMA2_Stream6_IRQHandler
                0x00000000080020fc                DMA1_Stream3_IRQHandler
 *fill*         0x00000000080020fe        0x2 
 .text.HAL_Init
                0x0000000008002100       0x44 ./Drivers/STM32F4xx_HAL_Driver/Src/stm32f4xx_hal.o
                0x0000000008002100                HAL_Init
 .text.HAL_IncTick
                0x0000000008002144       0x28 ./Drivers/STM32F4xx_HAL_Driver/Src/stm32f4xx_hal.o
                0x0000000008002144                HAL_IncTick
 .text.HAL_GetTick
                0x000000000800216c       0x18 ./Drivers/STM32F4xx_HAL_Driver/Src/stm32f4xx_hal.o
                0x000000000800216c                HAL_GetTick
 .text.HAL_Delay
                0x0000000008002184       0x48 ./Drivers/STM32F4xx_HAL_Driver/Src/stm32f4xx_hal.o
                0x0000000008002184                HAL_Delay
 .text.HAL_ADC_Init
                0x00000000080021cc       0x86 ./Drivers/STM32F4xx_HAL_Driver/Src/stm32f4xx_hal_adc.o
                0x00000000080021cc                HAL_ADC_Init
 *fill*         0x0000000008002252        0x2 
 .text.HAL_ADC_Start_DMA
                0x0000000008002254      0x1e0 ./Drivers/STM32F4xx_HAL_Driver/Src/stm32f4xx_hal_adc.o
                0x0000000008002254                HAL_ADC_Start_DMA
 .text.HAL_ADC_ConvHalfCpltCallback
                0x0000000008002434       0x14 ./Drivers/STM32F4xx_HAL_Driver/Src/stm32f4xx_hal_adc.o
                0x0000000008002434                HAL_ADC_ConvHalfCpltCallback
 .text.HAL_ADC_ErrorCallback
                0x0000000008002448       0x14 ./Drivers/STM32F4xx_HAL_Driver/Src/stm32f4xx_hal_adc.o
                0x0000000008002448                HAL_ADC_ErrorCallback
 .text.HAL_ADC_ConfigChannel
                0x000000000800245c      0x244 ./Drivers/STM32F4xx_HAL_Driver/Src/stm32f4xx_hal_adc.o
                0x000000000800245c                HAL_ADC_ConfigChannel
 .text.ADC_Init
                0x00000000080026a0      0x1f8 ./Drivers/STM32F4xx_HAL_Driver/Src/stm32f4xx_hal_adc.o
 .text.ADC_DMAConvCplt
                0x0000000008002898       0xba ./Drivers/STM32F4xx_HAL_Driver/Src/stm32f4xx_hal_adc.o
 .text.ADC_DMAHalfConvCplt
                0x0000000008002952       0x1c ./Drivers/STM32F4xx_HAL_Driver/Src/stm32f4xx_hal_adc.o
 .text.ADC_DMAError
                0x000000000800296e       0x2e ./Drivers/STM32F4xx_HAL_Driver/Src/stm32f4xx_hal_adc.o
 .text.__NVIC_SetPriorityGrouping
                0x000000000800299c       0x48 ./Drivers/STM32F4xx_HAL_Driver/Src/stm32f4xx_hal_cortex.o
 .text.__NVIC_GetPriorityGrouping
                0x00000000080029e4       0x1c ./Drivers/STM32F4xx_HAL_Driver/Src/stm32f4xx_hal_cortex.o
 .text.__NVIC_EnableIRQ
                0x0000000008002a00       0x3c ./Drivers/STM32F4xx_HAL_Driver/Src/stm32f4xx_hal_cortex.o
 .text.__NVIC_SetPriority
                0x0000000008002a3c       0x54 ./Drivers/STM32F4xx_HAL_Driver/Src/stm32f4xx_hal_cortex.o
 .text.NVIC_EncodePriority
                0x0000000008002a90       0x66 ./Drivers/STM32F4xx_HAL_Driver/Src/stm32f4xx_hal_cortex.o
 .text.HAL_NVIC_SetPriorityGrouping
                0x0000000008002af6       0x16 ./Drivers/STM32F4xx_HAL_Driver/Src/stm32f4xx_hal_cortex.o
                0x0000000008002af6                HAL_NVIC_SetPriorityGrouping
 .text.HAL_NVIC_SetPriority
                0x0000000008002b0c       0x38 ./Drivers/STM32F4xx_HAL_Driver/Src/stm32f4xx_hal_cortex.o
                0x0000000008002b0c                HAL_NVIC_SetPriority
 .text.HAL_NVIC_EnableIRQ
                0x0000000008002b44       0x1c ./Drivers/STM32F4xx_HAL_Driver/Src/stm32f4xx_hal_cortex.o
                0x0000000008002b44                HAL_NVIC_EnableIRQ
 .text.HAL_DMA_Init
                0x0000000008002b60      0x15c ./Drivers/STM32F4xx_HAL_Driver/Src/stm32f4xx_hal_dma.o
                0x0000000008002b60                HAL_DMA_Init
 .text.HAL_DMA_Start_IT
                0x0000000008002cbc       0xb0 ./Drivers/STM32F4xx_HAL_Driver/Src/stm32f4xx_hal_dma.o
                0x0000000008002cbc                HAL_DMA_Start_IT
 .text.HAL_DMA_IRQHandler
                0x0000000008002d6c      0x314 ./Drivers/STM32F4xx_HAL_Driver/Src/stm32f4xx_hal_dma.o
                0x0000000008002d6c                HAL_DMA_IRQHandler
 .text.DMA_SetConfig
                0x0000000008003080       0x5c ./Drivers/STM32F4xx_HAL_Driver/Src/stm32f4xx_hal_dma.o
 .text.DMA_CalcBaseAndBitshift
                0x00000000080030dc       0x6c ./Drivers/STM32F4xx_HAL_Driver/Src/stm32f4xx_hal_dma.o
 .text.DMA_CheckFifoParam
                0x0000000008003148       0xf8 ./Drivers/STM32F4xx_HAL_Driver/Src/stm32f4xx_hal_dma.o
 .text.HAL_GPIO_Init
                0x0000000008003240      0x308 ./Drivers/STM32F4xx_HAL_Driver/Src/stm32f4xx_hal_gpio.o
                0x0000000008003240                HAL_GPIO_Init
 .text.HAL_GPIO_ReadPin
                0x0000000008003548       0x30 ./Drivers/STM32F4xx_HAL_Driver/Src/stm32f4xx_hal_gpio.o
                0x0000000008003548                HAL_GPIO_ReadPin
 .text.HAL_GPIO_WritePin
                0x0000000008003578       0x32 ./Drivers/STM32F4xx_HAL_Driver/Src/stm32f4xx_hal_gpio.o
                0x0000000008003578                HAL_GPIO_WritePin
 .text.HAL_GPIO_TogglePin
                0x00000000080035aa       0x34 ./Drivers/STM32F4xx_HAL_Driver/Src/stm32f4xx_hal_gpio.o
                0x00000000080035aa                HAL_GPIO_TogglePin
 *fill*         0x00000000080035de        0x2 
 .text.HAL_GPIO_EXTI_IRQHandler
                0x00000000080035e0       0x30 ./Drivers/STM32F4xx_HAL_Driver/Src/stm32f4xx_hal_gpio.o
                0x00000000080035e0                HAL_GPIO_EXTI_IRQHandler
 .text.HAL_PCD_Init
                0x0000000008003610      0x23a ./Drivers/STM32F4xx_HAL_Driver/Src/stm32f4xx_hal_pcd.o
                0x0000000008003610                HAL_PCD_Init
 .text.HAL_PCD_Start
                0x000000000800384a       0x66 ./Drivers/STM32F4xx_HAL_Driver/Src/stm32f4xx_hal_pcd.o
                0x000000000800384a                HAL_PCD_Start
 .text.HAL_PCD_IRQHandler
                0x00000000080038b0      0x93e ./Drivers/STM32F4xx_HAL_Driver/Src/stm32f4xx_hal_pcd.o
                0x00000000080038b0                HAL_PCD_IRQHandler
 .text.HAL_PCD_SetAddress
                0x00000000080041ee       0x4a ./Drivers/STM32F4xx_HAL_Driver/Src/stm32f4xx_hal_pcd.o
                0x00000000080041ee                HAL_PCD_SetAddress
 .text.HAL_PCD_EP_Open
                0x0000000008004238       0xd0 ./Drivers/STM32F4xx_HAL_Driver/Src/stm32f4xx_hal_pcd.o
                0x0000000008004238                HAL_PCD_EP_Open
 .text.HAL_PCD_EP_Close
                0x0000000008004308       0x94 ./Drivers/STM32F4xx_HAL_Driver/Src/stm32f4xx_hal_pcd.o
                0x0000000008004308                HAL_PCD_EP_Close
 .text.HAL_PCD_EP_Receive
                0x000000000800439c       0x96 ./Drivers/STM32F4xx_HAL_Driver/Src/stm32f4xx_hal_pcd.o
                0x000000000800439c                HAL_PCD_EP_Receive
 .text.HAL_PCD_EP_GetRxCount
                0x0000000008004432       0x30 ./Drivers/STM32F4xx_HAL_Driver/Src/stm32f4xx_hal_pcd.o
                0x0000000008004432                HAL_PCD_EP_GetRxCount
 .text.HAL_PCD_EP_Transmit
                0x0000000008004462       0x94 ./Drivers/STM32F4xx_HAL_Driver/Src/stm32f4xx_hal_pcd.o
                0x0000000008004462                HAL_PCD_EP_Transmit
 .text.HAL_PCD_EP_SetStall
                0x00000000080044f6       0xc8 ./Drivers/STM32F4xx_HAL_Driver/Src/stm32f4xx_hal_pcd.o
                0x00000000080044f6                HAL_PCD_EP_SetStall
 .text.HAL_PCD_EP_ClrStall
                0x00000000080045be       0xac ./Drivers/STM32F4xx_HAL_Driver/Src/stm32f4xx_hal_pcd.o
                0x00000000080045be                HAL_PCD_EP_ClrStall
 .text.HAL_PCD_EP_Abort
                0x000000000800466a       0x62 ./Drivers/STM32F4xx_HAL_Driver/Src/stm32f4xx_hal_pcd.o
                0x000000000800466a                HAL_PCD_EP_Abort
 .text.PCD_WriteEmptyTxFifo
                0x00000000080046cc      0x11a ./Drivers/STM32F4xx_HAL_Driver/Src/stm32f4xx_hal_pcd.o
 *fill*         0x00000000080047e6        0x2 
 .text.PCD_EP_OutXfrComplete_int
                0x00000000080047e8      0x1d0 ./Drivers/STM32F4xx_HAL_Driver/Src/stm32f4xx_hal_pcd.o
 .text.PCD_EP_OutSetupPacket_int
                0x00000000080049b8       0x8c ./Drivers/STM32F4xx_HAL_Driver/Src/stm32f4xx_hal_pcd.o
 .text.HAL_PCDEx_SetTxFiFo
                0x0000000008004a44       0x8e ./Drivers/STM32F4xx_HAL_Driver/Src/stm32f4xx_hal_pcd_ex.o
                0x0000000008004a44                HAL_PCDEx_SetTxFiFo
 .text.HAL_PCDEx_SetRxFiFo
                0x0000000008004ad2       0x22 ./Drivers/STM32F4xx_HAL_Driver/Src/stm32f4xx_hal_pcd_ex.o
                0x0000000008004ad2                HAL_PCDEx_SetRxFiFo
 .text.HAL_PCDEx_LPM_Callback
                0x0000000008004af4       0x18 ./Drivers/STM32F4xx_HAL_Driver/Src/stm32f4xx_hal_pcd_ex.o
                0x0000000008004af4                HAL_PCDEx_LPM_Callback
 .text.HAL_RCC_OscConfig
                0x0000000008004b0c      0x4f0 ./Drivers/STM32F4xx_HAL_Driver/Src/stm32f4xx_hal_rcc.o
                0x0000000008004b0c                HAL_RCC_OscConfig
 .text.HAL_RCC_ClockConfig
                0x0000000008004ffc      0x1cc ./Drivers/STM32F4xx_HAL_Driver/Src/stm32f4xx_hal_rcc.o
                0x0000000008004ffc                HAL_RCC_ClockConfig
 .text.HAL_RCC_GetSysClockFreq
                0x00000000080051c8      0x208 ./Drivers/STM32F4xx_HAL_Driver/Src/stm32f4xx_hal_rcc.o
                0x00000000080051c8                HAL_RCC_GetSysClockFreq
 .text.HAL_RCC_GetHCLKFreq
                0x00000000080053d0       0x18 ./Drivers/STM32F4xx_HAL_Driver/Src/stm32f4xx_hal_rcc.o
                0x00000000080053d0                HAL_RCC_GetHCLKFreq
 .text.HAL_RCC_GetPCLK1Freq
                0x00000000080053e8       0x28 ./Drivers/STM32F4xx_HAL_Driver/Src/stm32f4xx_hal_rcc.o
                0x00000000080053e8                HAL_RCC_GetPCLK1Freq
 .text.HAL_RCC_GetClockConfig
                0x0000000008005410       0x64 ./Drivers/STM32F4xx_HAL_Driver/Src/stm32f4xx_hal_rcc.o
                0x0000000008005410                HAL_RCC_GetClockConfig
 .text.HAL_TIM_Base_Init
                0x0000000008005474       0x9e ./Drivers/STM32F4xx_HAL_Driver/Src/stm32f4xx_hal_tim.o
                0x0000000008005474                HAL_TIM_Base_Init
 *fill*         0x0000000008005512        0x2 
 .text.HAL_TIM_Base_Start
                0x0000000008005514       0xb4 ./Drivers/STM32F4xx_HAL_Driver/Src/stm32f4xx_hal_tim.o
                0x0000000008005514                HAL_TIM_Base_Start
 .text.HAL_TIM_Base_Start_IT
                0x00000000080055c8       0xc4 ./Drivers/STM32F4xx_HAL_Driver/Src/stm32f4xx_hal_tim.o
                0x00000000080055c8                HAL_TIM_Base_Start_IT
 .text.HAL_TIM_Base_Stop_IT
                0x000000000800568c       0x5e ./Drivers/STM32F4xx_HAL_Driver/Src/stm32f4xx_hal_tim.o
                0x000000000800568c                HAL_TIM_Base_Stop_IT
 .text.HAL_TIM_PWM_Init
                0x00000000080056ea       0x9e ./Drivers/STM32F4xx_HAL_Driver/Src/stm32f4xx_hal_tim.o
                0x00000000080056ea                HAL_TIM_PWM_Init
 .text.HAL_TIM_PWM_MspInit
                0x0000000008005788       0x14 ./Drivers/STM32F4xx_HAL_Driver/Src/stm32f4xx_hal_tim.o
                0x0000000008005788                HAL_TIM_PWM_MspInit
 .text.HAL_TIM_PWM_Start_IT
                0x000000000800579c      0x1fc ./Drivers/STM32F4xx_HAL_Driver/Src/stm32f4xx_hal_tim.o
                0x000000000800579c                HAL_TIM_PWM_Start_IT
 .text.HAL_TIM_IRQHandler
                0x0000000008005998      0x210 ./Drivers/STM32F4xx_HAL_Driver/Src/stm32f4xx_hal_tim.o
                0x0000000008005998                HAL_TIM_IRQHandler
 .text.HAL_TIM_PWM_ConfigChannel
                0x0000000008005ba8      0x184 ./Drivers/STM32F4xx_HAL_Driver/Src/stm32f4xx_hal_tim.o
                0x0000000008005ba8                HAL_TIM_PWM_ConfigChannel
 .text.HAL_TIM_ConfigClockSource
                0x0000000008005d2c      0x18e ./Drivers/STM32F4xx_HAL_Driver/Src/stm32f4xx_hal_tim.o
                0x0000000008005d2c                HAL_TIM_ConfigClockSource
 .text.HAL_TIM_OC_DelayElapsedCallback
                0x0000000008005eba       0x14 ./Drivers/STM32F4xx_HAL_Driver/Src/stm32f4xx_hal_tim.o
                0x0000000008005eba                HAL_TIM_OC_DelayElapsedCallback
 .text.HAL_TIM_IC_CaptureCallback
                0x0000000008005ece       0x14 ./Drivers/STM32F4xx_HAL_Driver/Src/stm32f4xx_hal_tim.o
                0x0000000008005ece                HAL_TIM_IC_CaptureCallback
 .text.HAL_TIM_TriggerCallback
                0x0000000008005ee2       0x14 ./Drivers/STM32F4xx_HAL_Driver/Src/stm32f4xx_hal_tim.o
                0x0000000008005ee2                HAL_TIM_TriggerCallback
 *fill*         0x0000000008005ef6        0x2 
 .text.TIM_Base_SetConfig
                0x0000000008005ef8      0x100 ./Drivers/STM32F4xx_HAL_Driver/Src/stm32f4xx_hal_tim.o
                0x0000000008005ef8                TIM_Base_SetConfig
 .text.TIM_OC1_SetConfig
                0x0000000008005ff8       0xcc ./Drivers/STM32F4xx_HAL_Driver/Src/stm32f4xx_hal_tim.o
 .text.TIM_OC2_SetConfig
                0x00000000080060c4       0xd8 ./Drivers/STM32F4xx_HAL_Driver/Src/stm32f4xx_hal_tim.o
                0x00000000080060c4                TIM_OC2_SetConfig
 .text.TIM_OC3_SetConfig
                0x000000000800619c       0xd4 ./Drivers/STM32F4xx_HAL_Driver/Src/stm32f4xx_hal_tim.o
 .text.TIM_OC4_SetConfig
                0x0000000008006270       0xa0 ./Drivers/STM32F4xx_HAL_Driver/Src/stm32f4xx_hal_tim.o
 .text.TIM_TI1_ConfigInputStage
                0x0000000008006310       0x5e ./Drivers/STM32F4xx_HAL_Driver/Src/stm32f4xx_hal_tim.o
 .text.TIM_TI2_ConfigInputStage
                0x000000000800636e       0x60 ./Drivers/STM32F4xx_HAL_Driver/Src/stm32f4xx_hal_tim.o
 .text.TIM_ITRx_SetConfig
                0x00000000080063ce       0x36 ./Drivers/STM32F4xx_HAL_Driver/Src/stm32f4xx_hal_tim.o
 .text.TIM_ETR_SetConfig
                0x0000000008006404       0x40 ./Drivers/STM32F4xx_HAL_Driver/Src/stm32f4xx_hal_tim.o
                0x0000000008006404                TIM_ETR_SetConfig
 .text.TIM_CCxChannelCmd
                0x0000000008006444       0x4a ./Drivers/STM32F4xx_HAL_Driver/Src/stm32f4xx_hal_tim.o
                0x0000000008006444                TIM_CCxChannelCmd
 *fill*         0x000000000800648e        0x2 
 .text.HAL_TIMEx_MasterConfigSynchronization
                0x0000000008006490       0xdc ./Drivers/STM32F4xx_HAL_Driver/Src/stm32f4xx_hal_tim_ex.o
                0x0000000008006490                HAL_TIMEx_MasterConfigSynchronization
 .text.HAL_TIMEx_CommutCallback
                0x000000000800656c       0x14 ./Drivers/STM32F4xx_HAL_Driver/Src/stm32f4xx_hal_tim_ex.o
                0x000000000800656c                HAL_TIMEx_CommutCallback
 .text.HAL_TIMEx_BreakCallback
                0x0000000008006580       0x14 ./Drivers/STM32F4xx_HAL_Driver/Src/stm32f4xx_hal_tim_ex.o
                0x0000000008006580                HAL_TIMEx_BreakCallback
 .text.USB_CoreInit
                0x0000000008006594       0xc2 ./Drivers/STM32F4xx_HAL_Driver/Src/stm32f4xx_ll_usb.o
                0x0000000008006594                USB_CoreInit
 *fill*         0x0000000008006656        0x2 
 .text.USB_SetTurnaroundTime
                0x0000000008006658      0x144 ./Drivers/STM32F4xx_HAL_Driver/Src/stm32f4xx_ll_usb.o
                0x0000000008006658                USB_SetTurnaroundTime
 .text.USB_EnableGlobalInt
                0x000000000800679c       0x22 ./Drivers/STM32F4xx_HAL_Driver/Src/stm32f4xx_ll_usb.o
                0x000000000800679c                USB_EnableGlobalInt
 .text.USB_DisableGlobalInt
                0x00000000080067be       0x22 ./Drivers/STM32F4xx_HAL_Driver/Src/stm32f4xx_ll_usb.o
                0x00000000080067be                USB_DisableGlobalInt
 .text.USB_SetCurrentMode
                0x00000000080067e0       0x98 ./Drivers/STM32F4xx_HAL_Driver/Src/stm32f4xx_ll_usb.o
                0x00000000080067e0                USB_SetCurrentMode
 .text.USB_DevInit
                0x0000000008006878      0x2c8 ./Drivers/STM32F4xx_HAL_Driver/Src/stm32f4xx_ll_usb.o
                0x0000000008006878                USB_DevInit
 .text.USB_FlushTxFifo
                0x0000000008006b40       0x68 ./Drivers/STM32F4xx_HAL_Driver/Src/stm32f4xx_ll_usb.o
                0x0000000008006b40                USB_FlushTxFifo
 .text.USB_FlushRxFifo
                0x0000000008006ba8       0x60 ./Drivers/STM32F4xx_HAL_Driver/Src/stm32f4xx_ll_usb.o
                0x0000000008006ba8                USB_FlushRxFifo
 .text.USB_SetDevSpeed
                0x0000000008006c08       0x32 ./Drivers/STM32F4xx_HAL_Driver/Src/stm32f4xx_ll_usb.o
                0x0000000008006c08                USB_SetDevSpeed
 .text.USB_GetDevSpeed
                0x0000000008006c3a       0x4a ./Drivers/STM32F4xx_HAL_Driver/Src/stm32f4xx_ll_usb.o
                0x0000000008006c3a                USB_GetDevSpeed
 .text.USB_ActivateEndpoint
                0x0000000008006c84      0x10e ./Drivers/STM32F4xx_HAL_Driver/Src/stm32f4xx_ll_usb.o
                0x0000000008006c84                USB_ActivateEndpoint
 *fill*         0x0000000008006d92        0x2 
 .text.USB_DeactivateEndpoint
                0x0000000008006d94      0x1b8 ./Drivers/STM32F4xx_HAL_Driver/Src/stm32f4xx_ll_usb.o
                0x0000000008006d94                USB_DeactivateEndpoint
 .text.USB_EPStartXfer
                0x0000000008006f4c      0x490 ./Drivers/STM32F4xx_HAL_Driver/Src/stm32f4xx_ll_usb.o
                0x0000000008006f4c                USB_EPStartXfer
 .text.USB_EP0StartXfer
                0x00000000080073dc      0x2b0 ./Drivers/STM32F4xx_HAL_Driver/Src/stm32f4xx_ll_usb.o
                0x00000000080073dc                USB_EP0StartXfer
 .text.USB_EPStopXfer
                0x000000000800768c      0x154 ./Drivers/STM32F4xx_HAL_Driver/Src/stm32f4xx_ll_usb.o
                0x000000000800768c                USB_EPStopXfer
 .text.USB_WritePacket
                0x00000000080077e0       0x7c ./Drivers/STM32F4xx_HAL_Driver/Src/stm32f4xx_ll_usb.o
                0x00000000080077e0                USB_WritePacket
 .text.USB_ReadPacket
                0x000000000800785c       0xb0 ./Drivers/STM32F4xx_HAL_Driver/Src/stm32f4xx_ll_usb.o
                0x000000000800785c                USB_ReadPacket
 .text.USB_EPSetStall
                0x000000000800790c       0xdc ./Drivers/STM32F4xx_HAL_Driver/Src/stm32f4xx_ll_usb.o
                0x000000000800790c                USB_EPSetStall
 .text.USB_EPClearStall
                0x00000000080079e8       0xcc ./Drivers/STM32F4xx_HAL_Driver/Src/stm32f4xx_ll_usb.o
                0x00000000080079e8                USB_EPClearStall
 .text.USB_SetDevAddress
                0x0000000008007ab4       0x4c ./Drivers/STM32F4xx_HAL_Driver/Src/stm32f4xx_ll_usb.o
                0x0000000008007ab4                USB_SetDevAddress
 .text.USB_DevConnect
                0x0000000008007b00       0x42 ./Drivers/STM32F4xx_HAL_Driver/Src/stm32f4xx_ll_usb.o
                0x0000000008007b00                USB_DevConnect
 .text.USB_DevDisconnect
                0x0000000008007b42       0x42 ./Drivers/STM32F4xx_HAL_Driver/Src/stm32f4xx_ll_usb.o
                0x0000000008007b42                USB_DevDisconnect
 .text.USB_ReadInterrupts
                0x0000000008007b84       0x26 ./Drivers/STM32F4xx_HAL_Driver/Src/stm32f4xx_ll_usb.o
                0x0000000008007b84                USB_ReadInterrupts
 .text.USB_ReadDevAllOutEpInterrupt
                0x0000000008007baa       0x34 ./Drivers/STM32F4xx_HAL_Driver/Src/stm32f4xx_ll_usb.o
                0x0000000008007baa                USB_ReadDevAllOutEpInterrupt
 .text.USB_ReadDevAllInEpInterrupt
                0x0000000008007bde       0x34 ./Drivers/STM32F4xx_HAL_Driver/Src/stm32f4xx_ll_usb.o
                0x0000000008007bde                USB_ReadDevAllInEpInterrupt
 .text.USB_ReadDevOutEPInterrupt
                0x0000000008007c12       0x3c ./Drivers/STM32F4xx_HAL_Driver/Src/stm32f4xx_ll_usb.o
                0x0000000008007c12                USB_ReadDevOutEPInterrupt
 .text.USB_ReadDevInEPInterrupt
                0x0000000008007c4e       0x5c ./Drivers/STM32F4xx_HAL_Driver/Src/stm32f4xx_ll_usb.o
                0x0000000008007c4e                USB_ReadDevInEPInterrupt
 .text.USB_GetMode
                0x0000000008007caa       0x1c ./Drivers/STM32F4xx_HAL_Driver/Src/stm32f4xx_ll_usb.o
                0x0000000008007caa                USB_GetMode
 .text.USB_ActivateSetup
                0x0000000008007cc6       0x46 ./Drivers/STM32F4xx_HAL_Driver/Src/stm32f4xx_ll_usb.o
                0x0000000008007cc6                USB_ActivateSetup
 .text.USB_EP0_OutStart
                0x0000000008007d0c       0xbc ./Drivers/STM32F4xx_HAL_Driver/Src/stm32f4xx_ll_usb.o
                0x0000000008007d0c                USB_EP0_OutStart
 .text.USB_CoreReset
                0x0000000008007dc8       0x68 ./Drivers/STM32F4xx_HAL_Driver/Src/stm32f4xx_ll_usb.o
 .text.USBD_CDC_Init
                0x0000000008007e30      0x1f0 ./Middlewares/ST/STM32_USB_Device_Library/Class/CDC/Src/usbd_cdc.o
 .text.USBD_CDC_DeInit
                0x0000000008008020      0x104 ./Middlewares/ST/STM32_USB_Device_Library/Class/CDC/Src/usbd_cdc.o
 .text.USBD_CDC_Setup
                0x0000000008008124      0x1b8 ./Middlewares/ST/STM32_USB_Device_Library/Class/CDC/Src/usbd_cdc.o
 .text.USBD_CDC_DataIn
                0x00000000080082dc       0xfe ./Middlewares/ST/STM32_USB_Device_Library/Class/CDC/Src/usbd_cdc.o
 .text.USBD_CDC_DataOut
                0x00000000080083da       0x70 ./Middlewares/ST/STM32_USB_Device_Library/Class/CDC/Src/usbd_cdc.o
 .text.USBD_CDC_EP0_RxReady
                0x000000000800844a       0x76 ./Middlewares/ST/STM32_USB_Device_Library/Class/CDC/Src/usbd_cdc.o
 .text.USBD_CDC_GetFSCfgDesc
                0x00000000080084c0       0x70 ./Middlewares/ST/STM32_USB_Device_Library/Class/CDC/Src/usbd_cdc.o
 .text.USBD_CDC_GetHSCfgDesc
                0x0000000008008530       0x70 ./Middlewares/ST/STM32_USB_Device_Library/Class/CDC/Src/usbd_cdc.o
 .text.USBD_CDC_GetOtherSpeedCfgDesc
                0x00000000080085a0       0x70 ./Middlewares/ST/STM32_USB_Device_Library/Class/CDC/Src/usbd_cdc.o
 .text.USBD_CDC_GetDeviceQualifierDescriptor
                0x0000000008008610       0x20 ./Middlewares/ST/STM32_USB_Device_Library/Class/CDC/Src/usbd_cdc.o
                0x0000000008008610                USBD_CDC_GetDeviceQualifierDescriptor
 .text.USBD_CDC_RegisterInterface
                0x0000000008008630       0x34 ./Middlewares/ST/STM32_USB_Device_Library/Class/CDC/Src/usbd_cdc.o
                0x0000000008008630                USBD_CDC_RegisterInterface
 .text.USBD_CDC_SetTxBuffer
                0x0000000008008664       0x44 ./Middlewares/ST/STM32_USB_Device_Library/Class/CDC/Src/usbd_cdc.o
                0x0000000008008664                USBD_CDC_SetTxBuffer
 .text.USBD_CDC_SetRxBuffer
                0x00000000080086a8       0x3a ./Middlewares/ST/STM32_USB_Device_Library/Class/CDC/Src/usbd_cdc.o
                0x00000000080086a8                USBD_CDC_SetRxBuffer
 *fill*         0x00000000080086e2        0x2 
 .text.USBD_CDC_TransmitPacket
                0x00000000080086e4       0x8c ./Middlewares/ST/STM32_USB_Device_Library/Class/CDC/Src/usbd_cdc.o
                0x00000000080086e4                USBD_CDC_TransmitPacket
 .text.USBD_CDC_ReceivePacket
                0x0000000008008770       0x6c ./Middlewares/ST/STM32_USB_Device_Library/Class/CDC/Src/usbd_cdc.o
                0x0000000008008770                USBD_CDC_ReceivePacket
 .text.USBD_Init
                0x00000000080087dc       0x60 ./Middlewares/ST/STM32_USB_Device_Library/Core/Src/usbd_core.o
                0x00000000080087dc                USBD_Init
 .text.USBD_RegisterClass
                0x000000000800883c       0x6c ./Middlewares/ST/STM32_USB_Device_Library/Core/Src/usbd_core.o
                0x000000000800883c                USBD_RegisterClass
 .text.USBD_Start
                0x00000000080088a8       0x18 ./Middlewares/ST/STM32_USB_Device_Library/Core/Src/usbd_core.o
                0x00000000080088a8                USBD_Start
 .text.USBD_RunTestMode
                0x00000000080088c0       0x16 ./Middlewares/ST/STM32_USB_Device_Library/Core/Src/usbd_core.o
                0x00000000080088c0                USBD_RunTestMode
 .text.USBD_SetClassConfig
                0x00000000080088d6       0x38 ./Middlewares/ST/STM32_USB_Device_Library/Core/Src/usbd_core.o
                0x00000000080088d6                USBD_SetClassConfig
 .text.USBD_ClrClassConfig
                0x000000000800890e       0x34 ./Middlewares/ST/STM32_USB_Device_Library/Core/Src/usbd_core.o
                0x000000000800890e                USBD_ClrClassConfig
 .text.USBD_LL_SetupStage
                0x0000000008008942       0xaa ./Middlewares/ST/STM32_USB_Device_Library/Core/Src/usbd_core.o
                0x0000000008008942                USBD_LL_SetupStage
 .text.USBD_LL_DataOutStage
                0x00000000080089ec      0x166 ./Middlewares/ST/STM32_USB_Device_Library/Core/Src/usbd_core.o
                0x00000000080089ec                USBD_LL_DataOutStage
 .text.USBD_LL_DataInStage
                0x0000000008008b52      0x164 ./Middlewares/ST/STM32_USB_Device_Library/Core/Src/usbd_core.o
                0x0000000008008b52                USBD_LL_DataInStage
 .text.USBD_LL_Reset
                0x0000000008008cb6       0xa4 ./Middlewares/ST/STM32_USB_Device_Library/Core/Src/usbd_core.o
                0x0000000008008cb6                USBD_LL_Reset
 .text.USBD_LL_SetSpeed
                0x0000000008008d5a       0x20 ./Middlewares/ST/STM32_USB_Device_Library/Core/Src/usbd_core.o
                0x0000000008008d5a                USBD_LL_SetSpeed
 .text.USBD_LL_Suspend
                0x0000000008008d7a       0x2c ./Middlewares/ST/STM32_USB_Device_Library/Core/Src/usbd_core.o
                0x0000000008008d7a                USBD_LL_Suspend
 .text.USBD_LL_Resume
                0x0000000008008da6       0x30 ./Middlewares/ST/STM32_USB_Device_Library/Core/Src/usbd_core.o
                0x0000000008008da6                USBD_LL_Resume
 .text.USBD_LL_SOF
                0x0000000008008dd6       0x40 ./Middlewares/ST/STM32_USB_Device_Library/Core/Src/usbd_core.o
                0x0000000008008dd6                USBD_LL_SOF
 .text.USBD_LL_IsoINIncomplete
                0x0000000008008e16       0x64 ./Middlewares/ST/STM32_USB_Device_Library/Core/Src/usbd_core.o
                0x0000000008008e16                USBD_LL_IsoINIncomplete
 .text.USBD_LL_IsoOUTIncomplete
                0x0000000008008e7a       0x64 ./Middlewares/ST/STM32_USB_Device_Library/Core/Src/usbd_core.o
                0x0000000008008e7a                USBD_LL_IsoOUTIncomplete
 .text.USBD_LL_DevConnected
                0x0000000008008ede       0x16 ./Middlewares/ST/STM32_USB_Device_Library/Core/Src/usbd_core.o
                0x0000000008008ede                USBD_LL_DevConnected
 .text.USBD_LL_DevDisconnected
                0x0000000008008ef4       0x46 ./Middlewares/ST/STM32_USB_Device_Library/Core/Src/usbd_core.o
                0x0000000008008ef4                USBD_LL_DevDisconnected
 .text.USBD_CoreFindIF
                0x0000000008008f3a       0x1a ./Middlewares/ST/STM32_USB_Device_Library/Core/Src/usbd_core.o
                0x0000000008008f3a                USBD_CoreFindIF
 .text.USBD_CoreFindEP
                0x0000000008008f54       0x1a ./Middlewares/ST/STM32_USB_Device_Library/Core/Src/usbd_core.o
                0x0000000008008f54                USBD_CoreFindEP
 .text.USBD_GetEpDesc
                0x0000000008008f6e       0x74 ./Middlewares/ST/STM32_USB_Device_Library/Core/Src/usbd_core.o
                0x0000000008008f6e                USBD_GetEpDesc
 .text.USBD_GetNextDesc
                0x0000000008008fe2       0x3a ./Middlewares/ST/STM32_USB_Device_Library/Core/Src/usbd_core.o
                0x0000000008008fe2                USBD_GetNextDesc
 .text.SWAPBYTE
                0x000000000800901c       0x3c ./Middlewares/ST/STM32_USB_Device_Library/Core/Src/usbd_ctlreq.o
 .text.USBD_StdDevReq
                0x0000000008009058       0xe4 ./Middlewares/ST/STM32_USB_Device_Library/Core/Src/usbd_ctlreq.o
                0x0000000008009058                USBD_StdDevReq
 .text.USBD_StdItfReq
                0x000000000800913c       0xd8 ./Middlewares/ST/STM32_USB_Device_Library/Core/Src/usbd_ctlreq.o
                0x000000000800913c                USBD_StdItfReq
 .text.USBD_StdEPReq
                0x0000000008009214      0x33a ./Middlewares/ST/STM32_USB_Device_Library/Core/Src/usbd_ctlreq.o
                0x0000000008009214                USBD_StdEPReq
 *fill*         0x000000000800954e        0x2 
 .text.USBD_GetDescriptor
                0x0000000008009550      0x2d4 ./Middlewares/ST/STM32_USB_Device_Library/Core/Src/usbd_ctlreq.o
 .text.USBD_SetAddress
                0x0000000008009824       0x88 ./Middlewares/ST/STM32_USB_Device_Library/Core/Src/usbd_ctlreq.o
 .text.USBD_SetConfig
                0x00000000080098ac      0x154 ./Middlewares/ST/STM32_USB_Device_Library/Core/Src/usbd_ctlreq.o
 .text.USBD_GetConfig
                0x0000000008009a00       0x6c ./Middlewares/ST/STM32_USB_Device_Library/Core/Src/usbd_ctlreq.o
 .text.USBD_GetStatus
                0x0000000008009a6c       0x68 ./Middlewares/ST/STM32_USB_Device_Library/Core/Src/usbd_ctlreq.o
 .text.USBD_SetFeature
                0x0000000008009ad4       0x52 ./Middlewares/ST/STM32_USB_Device_Library/Core/Src/usbd_ctlreq.o
 .text.USBD_ClrFeature
                0x0000000008009b26       0x44 ./Middlewares/ST/STM32_USB_Device_Library/Core/Src/usbd_ctlreq.o
 .text.USBD_ParseSetupRequest
                0x0000000008009b6a       0x74 ./Middlewares/ST/STM32_USB_Device_Library/Core/Src/usbd_ctlreq.o
                0x0000000008009b6a                USBD_ParseSetupRequest
 .text.USBD_CtlError
                0x0000000008009bde       0x22 ./Middlewares/ST/STM32_USB_Device_Library/Core/Src/usbd_ctlreq.o
                0x0000000008009bde                USBD_CtlError
 .text.USBD_GetString
                0x0000000008009c00       0x8c ./Middlewares/ST/STM32_USB_Device_Library/Core/Src/usbd_ctlreq.o
                0x0000000008009c00                USBD_GetString
 .text.USBD_GetLen
                0x0000000008009c8c       0x34 ./Middlewares/ST/STM32_USB_Device_Library/Core/Src/usbd_ctlreq.o
 .text.USBD_CtlSendData
                0x0000000008009cc0       0x36 ./Middlewares/ST/STM32_USB_Device_Library/Core/Src/usbd_ioreq.o
                0x0000000008009cc0                USBD_CtlSendData
 .text.USBD_CtlContinueSendData
                0x0000000008009cf6       0x22 ./Middlewares/ST/STM32_USB_Device_Library/Core/Src/usbd_ioreq.o
                0x0000000008009cf6                USBD_CtlContinueSendData
 .text.USBD_CtlPrepareRx
                0x0000000008009d18       0x3a ./Middlewares/ST/STM32_USB_Device_Library/Core/Src/usbd_ioreq.o
                0x0000000008009d18                USBD_CtlPrepareRx
 .text.USBD_CtlContinueRx
                0x0000000008009d52       0x22 ./Middlewares/ST/STM32_USB_Device_Library/Core/Src/usbd_ioreq.o
                0x0000000008009d52                USBD_CtlContinueRx
 .text.USBD_CtlSendStatus
                0x0000000008009d74       0x26 ./Middlewares/ST/STM32_USB_Device_Library/Core/Src/usbd_ioreq.o
                0x0000000008009d74                USBD_CtlSendStatus
 .text.USBD_CtlReceiveStatus
                0x0000000008009d9a       0x26 ./Middlewares/ST/STM32_USB_Device_Library/Core/Src/usbd_ioreq.o
                0x0000000008009d9a                USBD_CtlReceiveStatus
 .text.__NVIC_SetPriority
                0x0000000008009dc0       0x54 ./Middlewares/Third_Party/FreeRTOS/Source/CMSIS_RTOS_V2/cmsis_os2.o
 .text.SysTick_Handler
                0x0000000008009e14       0x20 ./Middlewares/Third_Party/FreeRTOS/Source/CMSIS_RTOS_V2/cmsis_os2.o
                0x0000000008009e14                SysTick_Handler
 .text.SVC_Setup
                0x0000000008009e34       0x12 ./Middlewares/Third_Party/FreeRTOS/Source/CMSIS_RTOS_V2/cmsis_os2.o
 *fill*         0x0000000008009e46        0x2 
 .text.osKernelInitialize
                0x0000000008009e48       0x48 ./Middlewares/Third_Party/FreeRTOS/Source/CMSIS_RTOS_V2/cmsis_os2.o
                0x0000000008009e48                osKernelInitialize
 .text.osKernelStart
                0x0000000008009e90       0x4c ./Middlewares/Third_Party/FreeRTOS/Source/CMSIS_RTOS_V2/cmsis_os2.o
                0x0000000008009e90                osKernelStart
 .text.osThreadNew
                0x0000000008009edc      0x124 ./Middlewares/Third_Party/FreeRTOS/Source/CMSIS_RTOS_V2/cmsis_os2.o
                0x0000000008009edc                osThreadNew
 .text.osDelay  0x000000000800a000       0x36 ./Middlewares/Third_Party/FreeRTOS/Source/CMSIS_RTOS_V2/cmsis_os2.o
                0x000000000800a000                osDelay
 .text.osMutexNew
                0x000000000800a036      0x10c ./Middlewares/Third_Party/FreeRTOS/Source/CMSIS_RTOS_V2/cmsis_os2.o
                0x000000000800a036                osMutexNew
 .text.osMessageQueueNew
                0x000000000800a142       0xe6 ./Middlewares/Third_Party/FreeRTOS/Source/CMSIS_RTOS_V2/cmsis_os2.o
                0x000000000800a142                osMessageQueueNew
 .text.vApplicationGetIdleTaskMemory
                0x000000000800a228       0x34 ./Middlewares/Third_Party/FreeRTOS/Source/CMSIS_RTOS_V2/cmsis_os2.o
                0x000000000800a228                vApplicationGetIdleTaskMemory
 .text.vApplicationGetTimerTaskMemory
                0x000000000800a25c       0x34 ./Middlewares/Third_Party/FreeRTOS/Source/CMSIS_RTOS_V2/cmsis_os2.o
                0x000000000800a25c                vApplicationGetTimerTaskMemory
 .text.vListInitialise
                0x000000000800a290       0x40 ./Middlewares/Third_Party/FreeRTOS/Source/list.o
                0x000000000800a290                vListInitialise
 .text.vListInitialiseItem
                0x000000000800a2d0       0x1a ./Middlewares/Third_Party/FreeRTOS/Source/list.o
                0x000000000800a2d0                vListInitialiseItem
 .text.vListInsertEnd
                0x000000000800a2ea       0x48 ./Middlewares/Third_Party/FreeRTOS/Source/list.o
                0x000000000800a2ea                vListInsertEnd
 .text.vListInsert
                0x000000000800a332       0x72 ./Middlewares/Third_Party/FreeRTOS/Source/list.o
                0x000000000800a332                vListInsert
 .text.uxListRemove
                0x000000000800a3a4       0x54 ./Middlewares/Third_Party/FreeRTOS/Source/list.o
                0x000000000800a3a4                uxListRemove
 .text.xQueueGenericReset
                0x000000000800a3f8       0xd0 ./Middlewares/Third_Party/FreeRTOS/Source/queue.o
                0x000000000800a3f8                xQueueGenericReset
 .text.xQueueGenericCreateStatic
                0x000000000800a4c8       0xf0 ./Middlewares/Third_Party/FreeRTOS/Source/queue.o
                0x000000000800a4c8                xQueueGenericCreateStatic
 .text.xQueueGenericCreate
                0x000000000800a5b8       0x74 ./Middlewares/Third_Party/FreeRTOS/Source/queue.o
                0x000000000800a5b8                xQueueGenericCreate
 .text.prvInitialiseNewQueue
                0x000000000800a62c       0x46 ./Middlewares/Third_Party/FreeRTOS/Source/queue.o
 .text.prvInitialiseMutex
                0x000000000800a672       0x34 ./Middlewares/Third_Party/FreeRTOS/Source/queue.o
 .text.xQueueCreateMutex
                0x000000000800a6a6       0x30 ./Middlewares/Third_Party/FreeRTOS/Source/queue.o
                0x000000000800a6a6                xQueueCreateMutex
 .text.xQueueCreateMutexStatic
                0x000000000800a6d6       0x36 ./Middlewares/Third_Party/FreeRTOS/Source/queue.o
                0x000000000800a6d6                xQueueCreateMutexStatic
 .text.xQueueGenericSend
                0x000000000800a70c      0x1fc ./Middlewares/Third_Party/FreeRTOS/Source/queue.o
                0x000000000800a70c                xQueueGenericSend
 .text.xQueueGenericSendFromISR
                0x000000000800a908      0x136 ./Middlewares/Third_Party/FreeRTOS/Source/queue.o
                0x000000000800a908                xQueueGenericSendFromISR
 *fill*         0x000000000800aa3e        0x2 
 .text.xQueueReceive
                0x000000000800aa40      0x1c0 ./Middlewares/Third_Party/FreeRTOS/Source/queue.o
                0x000000000800aa40                xQueueReceive
 .text.xQueueSemaphoreTake
                0x000000000800ac00      0x218 ./Middlewares/Third_Party/FreeRTOS/Source/queue.o
                0x000000000800ac00                xQueueSemaphoreTake
 .text.prvGetDisinheritPriorityAfterTimeout
                0x000000000800ae18       0x30 ./Middlewares/Third_Party/FreeRTOS/Source/queue.o
 .text.prvCopyDataToQueue
                0x000000000800ae48       0xd4 ./Middlewares/Third_Party/FreeRTOS/Source/queue.o
 .text.prvCopyDataFromQueue
                0x000000000800af1c       0x4c ./Middlewares/Third_Party/FreeRTOS/Source/queue.o
 .text.prvUnlockQueue
                0x000000000800af68       0xa4 ./Middlewares/Third_Party/FreeRTOS/Source/queue.o
 .text.prvIsQueueEmpty
                0x000000000800b00c       0x2c ./Middlewares/Third_Party/FreeRTOS/Source/queue.o
 .text.prvIsQueueFull
                0x000000000800b038       0x30 ./Middlewares/Third_Party/FreeRTOS/Source/queue.o
 .text.vQueueAddToRegistry
                0x000000000800b068       0x54 ./Middlewares/Third_Party/FreeRTOS/Source/queue.o
                0x000000000800b068                vQueueAddToRegistry
 .text.vQueueWaitForMessageRestricted
                0x000000000800b0bc       0x68 ./Middlewares/Third_Party/FreeRTOS/Source/queue.o
                0x000000000800b0bc                vQueueWaitForMessageRestricted
 .text.xTaskCreateStatic
                0x000000000800b124       0xba ./Middlewares/Third_Party/FreeRTOS/Source/tasks.o
                0x000000000800b124                xTaskCreateStatic
 .text.xTaskCreate
                0x000000000800b1de       0x8a ./Middlewares/Third_Party/FreeRTOS/Source/tasks.o
                0x000000000800b1de                xTaskCreate
 .text.prvInitialiseNewTask
                0x000000000800b268      0x11e ./Middlewares/Third_Party/FreeRTOS/Source/tasks.o
 *fill*         0x000000000800b386        0x2 
 .text.prvAddNewTaskToReadyList
                0x000000000800b388       0xe0 ./Middlewares/Third_Party/FreeRTOS/Source/tasks.o
 .text.vTaskDelay
                0x000000000800b468       0x68 ./Middlewares/Third_Party/FreeRTOS/Source/tasks.o
                0x000000000800b468                vTaskDelay
 .text.vTaskSuspend
                0x000000000800b4d0       0xec ./Middlewares/Third_Party/FreeRTOS/Source/tasks.o
                0x000000000800b4d0                vTaskSuspend
 .text.prvTaskIsTaskSuspended
                0x000000000800b5bc       0x64 ./Middlewares/Third_Party/FreeRTOS/Source/tasks.o
 .text.vTaskResume
                0x000000000800b620       0xbc ./Middlewares/Third_Party/FreeRTOS/Source/tasks.o
                0x000000000800b620                vTaskResume
 .text.xTaskResumeFromISR
                0x000000000800b6dc       0xe4 ./Middlewares/Third_Party/FreeRTOS/Source/tasks.o
                0x000000000800b6dc                xTaskResumeFromISR
 .text.vTaskStartScheduler
                0x000000000800b7c0       0xcc ./Middlewares/Third_Party/FreeRTOS/Source/tasks.o
                0x000000000800b7c0                vTaskStartScheduler
 .text.vTaskSuspendAll
                0x000000000800b88c       0x1c ./Middlewares/Third_Party/FreeRTOS/Source/tasks.o
                0x000000000800b88c                vTaskSuspendAll
 .text.xTaskResumeAll
                0x000000000800b8a8      0x13c ./Middlewares/Third_Party/FreeRTOS/Source/tasks.o
                0x000000000800b8a8                xTaskResumeAll
 .text.xTaskGetTickCount
                0x000000000800b9e4       0x20 ./Middlewares/Third_Party/FreeRTOS/Source/tasks.o
                0x000000000800b9e4                xTaskGetTickCount
 .text.xTaskIncrementTick
                0x000000000800ba04      0x174 ./Middlewares/Third_Party/FreeRTOS/Source/tasks.o
                0x000000000800ba04                xTaskIncrementTick
 .text.vTaskSwitchContext
                0x000000000800bb78       0xbc ./Middlewares/Third_Party/FreeRTOS/Source/tasks.o
                0x000000000800bb78                vTaskSwitchContext
 .text.vTaskPlaceOnEventList
                0x000000000800bc34       0x48 ./Middlewares/Third_Party/FreeRTOS/Source/tasks.o
                0x000000000800bc34                vTaskPlaceOnEventList
 .text.vTaskPlaceOnEventListRestricted
                0x000000000800bc7c       0x58 ./Middlewares/Third_Party/FreeRTOS/Source/tasks.o
                0x000000000800bc7c                vTaskPlaceOnEventListRestricted
 .text.xTaskRemoveFromEventList
                0x000000000800bcd4       0xc8 ./Middlewares/Third_Party/FreeRTOS/Source/tasks.o
                0x000000000800bcd4                xTaskRemoveFromEventList
 .text.vTaskInternalSetTimeOutState
                0x000000000800bd9c       0x2c ./Middlewares/Third_Party/FreeRTOS/Source/tasks.o
                0x000000000800bd9c                vTaskInternalSetTimeOutState
 .text.xTaskCheckForTimeOut
                0x000000000800bdc8       0xc4 ./Middlewares/Third_Party/FreeRTOS/Source/tasks.o
                0x000000000800bdc8                xTaskCheckForTimeOut
 .text.vTaskMissedYield
                0x000000000800be8c       0x18 ./Middlewares/Third_Party/FreeRTOS/Source/tasks.o
                0x000000000800be8c                vTaskMissedYield
 .text.prvIdleTask
                0x000000000800bea4       0x30 ./Middlewares/Third_Party/FreeRTOS/Source/tasks.o
 .text.prvInitialiseTaskLists
                0x000000000800bed4       0x80 ./Middlewares/Third_Party/FreeRTOS/Source/tasks.o
 .text.prvCheckTasksWaitingTermination
                0x000000000800bf54       0x5c ./Middlewares/Third_Party/FreeRTOS/Source/tasks.o
 .text.prvDeleteTCB
                0x000000000800bfb0       0x5e ./Middlewares/Third_Party/FreeRTOS/Source/tasks.o
 *fill*         0x000000000800c00e        0x2 
 .text.prvResetNextTaskUnblockTime
                0x000000000800c010       0x40 ./Middlewares/Third_Party/FreeRTOS/Source/tasks.o
 .text.xTaskGetSchedulerState
                0x000000000800c050       0x3c ./Middlewares/Third_Party/FreeRTOS/Source/tasks.o
                0x000000000800c050                xTaskGetSchedulerState
 .text.xTaskPriorityInherit
                0x000000000800c08c       0xd0 ./Middlewares/Third_Party/FreeRTOS/Source/tasks.o
                0x000000000800c08c                xTaskPriorityInherit
 .text.xTaskPriorityDisinherit
                0x000000000800c15c       0xdc ./Middlewares/Third_Party/FreeRTOS/Source/tasks.o
                0x000000000800c15c                xTaskPriorityDisinherit
 .text.vTaskPriorityDisinheritAfterTimeout
                0x000000000800c238      0x104 ./Middlewares/Third_Party/FreeRTOS/Source/tasks.o
                0x000000000800c238                vTaskPriorityDisinheritAfterTimeout
 .text.pvTaskIncrementMutexHeldCount
                0x000000000800c33c       0x28 ./Middlewares/Third_Party/FreeRTOS/Source/tasks.o
                0x000000000800c33c                pvTaskIncrementMutexHeldCount
 .text.ulTaskNotifyTake
                0x000000000800c364       0x90 ./Middlewares/Third_Party/FreeRTOS/Source/tasks.o
                0x000000000800c364                ulTaskNotifyTake
 .text.prvAddCurrentTaskToDelayedList
                0x000000000800c3f4       0xa8 ./Middlewares/Third_Party/FreeRTOS/Source/tasks.o
 .text.xTimerCreateTimerTask
                0x000000000800c49c       0x90 ./Middlewares/Third_Party/FreeRTOS/Source/timers.o
                0x000000000800c49c                xTimerCreateTimerTask
 .text.xTimerGenericCommand
                0x000000000800c52c       0x9c ./Middlewares/Third_Party/FreeRTOS/Source/timers.o
                0x000000000800c52c                xTimerGenericCommand
 .text.prvProcessExpiredTimer
                0x000000000800c5c8       0x98 ./Middlewares/Third_Party/FreeRTOS/Source/timers.o
 .text.prvTimerTask
                0x000000000800c660       0x24 ./Middlewares/Third_Party/FreeRTOS/Source/timers.o
 .text.prvProcessTimerOrBlockTask
                0x000000000800c684       0x9c ./Middlewares/Third_Party/FreeRTOS/Source/timers.o
 .text.prvGetNextExpireTime
                0x000000000800c720       0x48 ./Middlewares/Third_Party/FreeRTOS/Source/timers.o
 .text.prvSampleTimeNow
                0x000000000800c768       0x40 ./Middlewares/Third_Party/FreeRTOS/Source/timers.o
 .text.prvInsertTimerInActiveList
                0x000000000800c7a8       0x84 ./Middlewares/Third_Party/FreeRTOS/Source/timers.o
 .text.prvProcessReceivedCommands
                0x000000000800c82c      0x1c4 ./Middlewares/Third_Party/FreeRTOS/Source/timers.o
 .text.prvSwitchTimerLists
                0x000000000800c9f0       0xc8 ./Middlewares/Third_Party/FreeRTOS/Source/timers.o
 .text.prvCheckForValidListAndQueue
                0x000000000800cab8       0x80 ./Middlewares/Third_Party/FreeRTOS/Source/timers.o
 .text.pxPortInitialiseStack
                0x000000000800cb38       0x68 ./Middlewares/Third_Party/FreeRTOS/Source/portable/GCC/ARM_CM4F/port.o
                0x000000000800cb38                pxPortInitialiseStack
 .text.prvTaskExitError
                0x000000000800cba0       0x58 ./Middlewares/Third_Party/FreeRTOS/Source/portable/GCC/ARM_CM4F/port.o
 *fill*         0x000000000800cbf8        0x8 
 .text.SVC_Handler
                0x000000000800cc00       0x28 ./Middlewares/Third_Party/FreeRTOS/Source/portable/GCC/ARM_CM4F/port.o
                0x000000000800cc00                SVC_Handler
 .text.prvPortStartFirstTask
                0x000000000800cc28       0x28 ./Middlewares/Third_Party/FreeRTOS/Source/portable/GCC/ARM_CM4F/port.o
 .text.xPortStartScheduler
                0x000000000800cc50      0x144 ./Middlewares/Third_Party/FreeRTOS/Source/portable/GCC/ARM_CM4F/port.o
                0x000000000800cc50                xPortStartScheduler
 .text.vPortEnterCritical
                0x000000000800cd94       0x60 ./Middlewares/Third_Party/FreeRTOS/Source/portable/GCC/ARM_CM4F/port.o
                0x000000000800cd94                vPortEnterCritical
 .text.vPortExitCritical
                0x000000000800cdf4       0x54 ./Middlewares/Third_Party/FreeRTOS/Source/portable/GCC/ARM_CM4F/port.o
                0x000000000800cdf4                vPortExitCritical
 *fill*         0x000000000800ce48        0x8 
 .text.PendSV_Handler
                0x000000000800ce50       0x68 ./Middlewares/Third_Party/FreeRTOS/Source/portable/GCC/ARM_CM4F/port.o
                0x000000000800ce50                PendSV_Handler
 .text.xPortSysTickHandler
                0x000000000800ceb8       0x44 ./Middlewares/Third_Party/FreeRTOS/Source/portable/GCC/ARM_CM4F/port.o
                0x000000000800ceb8                xPortSysTickHandler
 .text.vPortSetupTimerInterrupt
                0x000000000800cefc       0x48 ./Middlewares/Third_Party/FreeRTOS/Source/portable/GCC/ARM_CM4F/port.o
                0x000000000800cefc                vPortSetupTimerInterrupt
 .text.vPortEnableVFP
                0x000000000800cf44       0x14 ./Middlewares/Third_Party/FreeRTOS/Source/portable/GCC/ARM_CM4F/port.o
 .text.vPortValidateInterruptPriority
                0x000000000800cf58       0x80 ./Middlewares/Third_Party/FreeRTOS/Source/portable/GCC/ARM_CM4F/port.o
                0x000000000800cf58                vPortValidateInterruptPriority
 .text.pvPortMalloc
                0x000000000800cfd8      0x198 ./Middlewares/Third_Party/FreeRTOS/Source/portable/MemMang/heap_4.o
                0x000000000800cfd8                pvPortMalloc
 .text.vPortFree
                0x000000000800d170       0xc4 ./Middlewares/Third_Party/FreeRTOS/Source/portable/MemMang/heap_4.o
                0x000000000800d170                vPortFree
 .text.prvHeapInit
                0x000000000800d234       0xc4 ./Middlewares/Third_Party/FreeRTOS/Source/portable/MemMang/heap_4.o
 .text.prvInsertBlockIntoFreeList
                0x000000000800d2f8       0xb4 ./Middlewares/Third_Party/FreeRTOS/Source/portable/MemMang/heap_4.o
 .text.MX_USB_DEVICE_Init
                0x000000000800d3ac       0x60 ./USB_DEVICE/App/usb_device.o
                0x000000000800d3ac                MX_USB_DEVICE_Init
 .text.CDC_Init_FS
                0x000000000800d40c       0x28 ./USB_DEVICE/App/usbd_cdc_if.o
 .text.CDC_DeInit_FS
                0x000000000800d434       0x10 ./USB_DEVICE/App/usbd_cdc_if.o
 .text.CDC_Control_FS
                0x000000000800d444       0xbc ./USB_DEVICE/App/usbd_cdc_if.o
 .text.CDC_Receive_FS
                0x000000000800d500       0x88 ./USB_DEVICE/App/usbd_cdc_if.o
 .text.CDC_Transmit_FS
                0x000000000800d588       0x4c ./USB_DEVICE/App/usbd_cdc_if.o
                0x000000000800d588                CDC_Transmit_FS
 .text.CDC_TransmitCplt_FS
                0x000000000800d5d4       0x22 ./USB_DEVICE/App/usbd_cdc_if.o
 *fill*         0x000000000800d5f6        0x2 
 .text.USBD_FS_DeviceDescriptor
                0x000000000800d5f8       0x24 ./USB_DEVICE/App/usbd_desc.o
                0x000000000800d5f8                USBD_FS_DeviceDescriptor
 .text.USBD_FS_LangIDStrDescriptor
                0x000000000800d61c       0x24 ./USB_DEVICE/App/usbd_desc.o
                0x000000000800d61c                USBD_FS_LangIDStrDescriptor
 .text.USBD_FS_ProductStrDescriptor
                0x000000000800d640       0x3c ./USB_DEVICE/App/usbd_desc.o
                0x000000000800d640                USBD_FS_ProductStrDescriptor
 .text.USBD_FS_ManufacturerStrDescriptor
                0x000000000800d67c       0x28 ./USB_DEVICE/App/usbd_desc.o
                0x000000000800d67c                USBD_FS_ManufacturerStrDescriptor
 .text.USBD_FS_SerialStrDescriptor
                0x000000000800d6a4       0x24 ./USB_DEVICE/App/usbd_desc.o
                0x000000000800d6a4                USBD_FS_SerialStrDescriptor
 .text.USBD_FS_ConfigStrDescriptor
                0x000000000800d6c8       0x3c ./USB_DEVICE/App/usbd_desc.o
                0x000000000800d6c8                USBD_FS_ConfigStrDescriptor
 .text.USBD_FS_InterfaceStrDescriptor
                0x000000000800d704       0x3c ./USB_DEVICE/App/usbd_desc.o
                0x000000000800d704                USBD_FS_InterfaceStrDescriptor
 .text.Get_SerialNum
                0x000000000800d740       0x58 ./USB_DEVICE/App/usbd_desc.o
 .text.IntToUnicode
                0x000000000800d798       0x7e ./USB_DEVICE/App/usbd_desc.o
 *fill*         0x000000000800d816        0x2 
 .text.HAL_PCD_MspInit
                0x000000000800d818       0xa8 ./USB_DEVICE/Target/usbd_conf.o
                0x000000000800d818                HAL_PCD_MspInit
 .text.HAL_PCD_SetupStageCallback
                0x000000000800d8c0       0x24 ./USB_DEVICE/Target/usbd_conf.o
                0x000000000800d8c0                HAL_PCD_SetupStageCallback
 .text.HAL_PCD_DataOutStageCallback
                0x000000000800d8e4       0x36 ./USB_DEVICE/Target/usbd_conf.o
                0x000000000800d8e4                HAL_PCD_DataOutStageCallback
 .text.HAL_PCD_DataInStageCallback
                0x000000000800d91a       0x34 ./USB_DEVICE/Target/usbd_conf.o
                0x000000000800d91a                HAL_PCD_DataInStageCallback
 .text.HAL_PCD_SOFCallback
                0x000000000800d94e       0x1c ./USB_DEVICE/Target/usbd_conf.o
                0x000000000800d94e                HAL_PCD_SOFCallback
 .text.HAL_PCD_ResetCallback
                0x000000000800d96a       0x3c ./USB_DEVICE/Target/usbd_conf.o
                0x000000000800d96a                HAL_PCD_ResetCallback
 *fill*         0x000000000800d9a6        0x2 
 .text.HAL_PCD_SuspendCallback
                0x000000000800d9a8       0x4c ./USB_DEVICE/Target/usbd_conf.o
                0x000000000800d9a8                HAL_PCD_SuspendCallback
 .text.HAL_PCD_ResumeCallback
                0x000000000800d9f4       0x1c ./USB_DEVICE/Target/usbd_conf.o
                0x000000000800d9f4                HAL_PCD_ResumeCallback
 .text.HAL_PCD_ISOOUTIncompleteCallback
                0x000000000800da10       0x24 ./USB_DEVICE/Target/usbd_conf.o
                0x000000000800da10                HAL_PCD_ISOOUTIncompleteCallback
 .text.HAL_PCD_ISOINIncompleteCallback
                0x000000000800da34       0x24 ./USB_DEVICE/Target/usbd_conf.o
                0x000000000800da34                HAL_PCD_ISOINIncompleteCallback
 .text.HAL_PCD_ConnectCallback
                0x000000000800da58       0x1c ./USB_DEVICE/Target/usbd_conf.o
                0x000000000800da58                HAL_PCD_ConnectCallback
 .text.HAL_PCD_DisconnectCallback
                0x000000000800da74       0x1c ./USB_DEVICE/Target/usbd_conf.o
                0x000000000800da74                HAL_PCD_DisconnectCallback
 .text.USBD_LL_Init
                0x000000000800da90       0x98 ./USB_DEVICE/Target/usbd_conf.o
                0x000000000800da90                USBD_LL_Init
 .text.USBD_LL_Start
                0x000000000800db28       0x36 ./USB_DEVICE/Target/usbd_conf.o
                0x000000000800db28                USBD_LL_Start
 .text.USBD_LL_OpenEP
                0x000000000800db5e       0x4c ./USB_DEVICE/Target/usbd_conf.o
                0x000000000800db5e                USBD_LL_OpenEP
 .text.USBD_LL_CloseEP
                0x000000000800dbaa       0x3e ./USB_DEVICE/Target/usbd_conf.o
                0x000000000800dbaa                USBD_LL_CloseEP
 .text.USBD_LL_StallEP
                0x000000000800dbe8       0x3e ./USB_DEVICE/Target/usbd_conf.o
                0x000000000800dbe8                USBD_LL_StallEP
 .text.USBD_LL_ClearStallEP
                0x000000000800dc26       0x3e ./USB_DEVICE/Target/usbd_conf.o
                0x000000000800dc26                USBD_LL_ClearStallEP
 .text.USBD_LL_IsStallEP
                0x000000000800dc64       0x58 ./USB_DEVICE/Target/usbd_conf.o
                0x000000000800dc64                USBD_LL_IsStallEP
 .text.USBD_LL_SetUSBAddress
                0x000000000800dcbc       0x3e ./USB_DEVICE/Target/usbd_conf.o
                0x000000000800dcbc                USBD_LL_SetUSBAddress
 .text.USBD_LL_Transmit
                0x000000000800dcfa       0x42 ./USB_DEVICE/Target/usbd_conf.o
                0x000000000800dcfa                USBD_LL_Transmit
 .text.USBD_LL_PrepareReceive
                0x000000000800dd3c       0x42 ./USB_DEVICE/Target/usbd_conf.o
                0x000000000800dd3c                USBD_LL_PrepareReceive
 .text.USBD_LL_GetRxDataSize
                0x000000000800dd7e       0x26 ./USB_DEVICE/Target/usbd_conf.o
                0x000000000800dd7e                USBD_LL_GetRxDataSize
 .text.USBD_static_malloc
                0x000000000800dda4       0x1c ./USB_DEVICE/Target/usbd_conf.o
                0x000000000800dda4                USBD_static_malloc
 .text.USBD_static_free
                0x000000000800ddc0       0x14 ./USB_DEVICE/Target/usbd_conf.o
                0x000000000800ddc0                USBD_static_free
 .text.USBD_Get_USB_Status
                0x000000000800ddd4       0x58 ./USB_DEVICE/Target/usbd_conf.o
                0x000000000800ddd4                USBD_Get_USB_Status
 .text.atoi     0x000000000800de2c        0x8 c:/st/stm32cubeide_1.12.1/stm32cubeide/plugins/com.st.stm32cube.ide.mcu.externaltools.gnu-tools-for-stm32.10.3-2021.10.win32_1.0.200.202301161003/tools/bin/../lib/gcc/arm-none-eabi/10.3.1/../../../../arm-none-eabi/lib/thumb/v7e-m+fp/hard\libc_nano.a(lib_a-atoi.o)
                0x000000000800de2c                atoi
 .text.__errno  0x000000000800de34        0xc c:/st/stm32cubeide_1.12.1/stm32cubeide/plugins/com.st.stm32cube.ide.mcu.externaltools.gnu-tools-for-stm32.10.3-2021.10.win32_1.0.200.202301161003/tools/bin/../lib/gcc/arm-none-eabi/10.3.1/../../../../arm-none-eabi/lib/thumb/v7e-m+fp/hard\libc_nano.a(lib_a-errno.o)
                0x000000000800de34                __errno
 .text.__libc_init_array
                0x000000000800de40       0x48 c:/st/stm32cubeide_1.12.1/stm32cubeide/plugins/com.st.stm32cube.ide.mcu.externaltools.gnu-tools-for-stm32.10.3-2021.10.win32_1.0.200.202301161003/tools/bin/../lib/gcc/arm-none-eabi/10.3.1/../../../../arm-none-eabi/lib/thumb/v7e-m+fp/hard\libc_nano.a(lib_a-init.o)
                0x000000000800de40                __libc_init_array
 .text.memcpy   0x000000000800de88       0x1c c:/st/stm32cubeide_1.12.1/stm32cubeide/plugins/com.st.stm32cube.ide.mcu.externaltools.gnu-tools-for-stm32.10.3-2021.10.win32_1.0.200.202301161003/tools/bin/../lib/gcc/arm-none-eabi/10.3.1/../../../../arm-none-eabi/lib/thumb/v7e-m+fp/hard\libc_nano.a(lib_a-memcpy-stub.o)
                0x000000000800de88                memcpy
 .text.memset   0x000000000800dea4       0x10 c:/st/stm32cubeide_1.12.1/stm32cubeide/plugins/com.st.stm32cube.ide.mcu.externaltools.gnu-tools-for-stm32.10.3-2021.10.win32_1.0.200.202301161003/tools/bin/../lib/gcc/arm-none-eabi/10.3.1/../../../../arm-none-eabi/lib/thumb/v7e-m+fp/hard\libc_nano.a(lib_a-memset.o)
                0x000000000800dea4                memset
 .text.sprintf  0x000000000800deb4       0x40 c:/st/stm32cubeide_1.12.1/stm32cubeide/plugins/com.st.stm32cube.ide.mcu.externaltools.gnu-tools-for-stm32.10.3-2021.10.win32_1.0.200.202301161003/tools/bin/../lib/gcc/arm-none-eabi/10.3.1/../../../../arm-none-eabi/lib/thumb/v7e-m+fp/hard\libc_nano.a(lib_a-sprintf.o)
                0x000000000800deb4                siprintf
                0x000000000800deb4                sprintf
 .text._strtol_l.constprop.0
                0x000000000800def4      0x104 c:/st/stm32cubeide_1.12.1/stm32cubeide/plugins/com.st.stm32cube.ide.mcu.externaltools.gnu-tools-for-stm32.10.3-2021.10.win32_1.0.200.202301161003/tools/bin/../lib/gcc/arm-none-eabi/10.3.1/../../../../arm-none-eabi/lib/thumb/v7e-m+fp/hard\libc_nano.a(lib_a-strtol.o)
 .text.strtol   0x000000000800dff8       0x14 c:/st/stm32cubeide_1.12.1/stm32cubeide/plugins/com.st.stm32cube.ide.mcu.externaltools.gnu-tools-for-stm32.10.3-2021.10.win32_1.0.200.202301161003/tools/bin/../lib/gcc/arm-none-eabi/10.3.1/../../../../arm-none-eabi/lib/thumb/v7e-m+fp/hard\libc_nano.a(lib_a-strtol.o)
                0x000000000800dff8                strtol
 .text.__ssputs_r
                0x000000000800e00c       0xb6 c:/st/stm32cubeide_1.12.1/stm32cubeide/plugins/com.st.stm32cube.ide.mcu.externaltools.gnu-tools-for-stm32.10.3-2021.10.win32_1.0.200.202301161003/tools/bin/../lib/gcc/arm-none-eabi/10.3.1/../../../../arm-none-eabi/lib/thumb/v7e-m+fp/hard\libc_nano.a(lib_a-nano-svfprintf.o)
                0x000000000800e00c                __ssputs_r
 *fill*         0x000000000800e0c2        0x2 
 .text._svfprintf_r
                0x000000000800e0c4      0x200 c:/st/stm32cubeide_1.12.1/stm32cubeide/plugins/com.st.stm32cube.ide.mcu.externaltools.gnu-tools-for-stm32.10.3-2021.10.win32_1.0.200.202301161003/tools/bin/../lib/gcc/arm-none-eabi/10.3.1/../../../../arm-none-eabi/lib/thumb/v7e-m+fp/hard\libc_nano.a(lib_a-nano-svfprintf.o)
                0x000000000800e0c4                _svfiprintf_r
                0x000000000800e0c4                _svfprintf_r
 .text._printf_common
                0x000000000800e2c4       0xda c:/st/stm32cubeide_1.12.1/stm32cubeide/plugins/com.st.stm32cube.ide.mcu.externaltools.gnu-tools-for-stm32.10.3-2021.10.win32_1.0.200.202301161003/tools/bin/../lib/gcc/arm-none-eabi/10.3.1/../../../../arm-none-eabi/lib/thumb/v7e-m+fp/hard\libc_nano.a(lib_a-nano-vfprintf_i.o)
                0x000000000800e2c4                _printf_common
 *fill*         0x000000000800e39e        0x2 
 .text._printf_i
                0x000000000800e3a0      0x24c c:/st/stm32cubeide_1.12.1/stm32cubeide/plugins/com.st.stm32cube.ide.mcu.externaltools.gnu-tools-for-stm32.10.3-2021.10.win32_1.0.200.202301161003/tools/bin/../lib/gcc/arm-none-eabi/10.3.1/../../../../arm-none-eabi/lib/thumb/v7e-m+fp/hard\libc_nano.a(lib_a-nano-vfprintf_i.o)
                0x000000000800e3a0                _printf_i
 .text.memmove  0x000000000800e5ec       0x34 c:/st/stm32cubeide_1.12.1/stm32cubeide/plugins/com.st.stm32cube.ide.mcu.externaltools.gnu-tools-for-stm32.10.3-2021.10.win32_1.0.200.202301161003/tools/bin/../lib/gcc/arm-none-eabi/10.3.1/../../../../arm-none-eabi/lib/thumb/v7e-m+fp/hard\libc_nano.a(lib_a-memmove.o)
                0x000000000800e5ec                memmove
 .text._free_r  0x000000000800e620       0x98 c:/st/stm32cubeide_1.12.1/stm32cubeide/plugins/com.st.stm32cube.ide.mcu.externaltools.gnu-tools-for-stm32.10.3-2021.10.win32_1.0.200.202301161003/tools/bin/../lib/gcc/arm-none-eabi/10.3.1/../../../../arm-none-eabi/lib/thumb/v7e-m+fp/hard\libc_nano.a(lib_a-nano-freer.o)
                0x000000000800e620                _free_r
 .text.sbrk_aligned
                0x000000000800e6b8       0x40 c:/st/stm32cubeide_1.12.1/stm32cubeide/plugins/com.st.stm32cube.ide.mcu.externaltools.gnu-tools-for-stm32.10.3-2021.10.win32_1.0.200.202301161003/tools/bin/../lib/gcc/arm-none-eabi/10.3.1/../../../../arm-none-eabi/lib/thumb/v7e-m+fp/hard\libc_nano.a(lib_a-nano-mallocr.o)
 .text._malloc_r
                0x000000000800e6f8       0xe8 c:/st/stm32cubeide_1.12.1/stm32cubeide/plugins/com.st.stm32cube.ide.mcu.externaltools.gnu-tools-for-stm32.10.3-2021.10.win32_1.0.200.202301161003/tools/bin/../lib/gcc/arm-none-eabi/10.3.1/../../../../arm-none-eabi/lib/thumb/v7e-m+fp/hard\libc_nano.a(lib_a-nano-mallocr.o)
                0x000000000800e6f8                _malloc_r
 .text._realloc_r
                0x000000000800e7e0       0x5e c:/st/stm32cubeide_1.12.1/stm32cubeide/plugins/com.st.stm32cube.ide.mcu.externaltools.gnu-tools-for-stm32.10.3-2021.10.win32_1.0.200.202301161003/tools/bin/../lib/gcc/arm-none-eabi/10.3.1/../../../../arm-none-eabi/lib/thumb/v7e-m+fp/hard\libc_nano.a(lib_a-nano-reallocr.o)
                0x000000000800e7e0                _realloc_r
 *fill*         0x000000000800e83e        0x2 
 .text._sbrk_r  0x000000000800e840       0x20 c:/st/stm32cubeide_1.12.1/stm32cubeide/plugins/com.st.stm32cube.ide.mcu.externaltools.gnu-tools-for-stm32.10.3-2021.10.win32_1.0.200.202301161003/tools/bin/../lib/gcc/arm-none-eabi/10.3.1/../../../../arm-none-eabi/lib/thumb/v7e-m+fp/hard\libc_nano.a(lib_a-sbrkr.o)
                0x000000000800e840                _sbrk_r
 .text.__malloc_lock
                0x000000000800e860        0xc c:/st/stm32cubeide_1.12.1/stm32cubeide/plugins/com.st.stm32cube.ide.mcu.externaltools.gnu-tools-for-stm32.10.3-2021.10.win32_1.0.200.202301161003/tools/bin/../lib/gcc/arm-none-eabi/10.3.1/../../../../arm-none-eabi/lib/thumb/v7e-m+fp/hard\libc_nano.a(lib_a-mlock.o)
                0x000000000800e860                __malloc_lock
 .text.__malloc_unlock
                0x000000000800e86c        0xc c:/st/stm32cubeide_1.12.1/stm32cubeide/plugins/com.st.stm32cube.ide.mcu.externaltools.gnu-tools-for-stm32.10.3-2021.10.win32_1.0.200.202301161003/tools/bin/../lib/gcc/arm-none-eabi/10.3.1/../../../../arm-none-eabi/lib/thumb/v7e-m+fp/hard\libc_nano.a(lib_a-mlock.o)
                0x000000000800e86c                __malloc_unlock
 .text._malloc_usable_size_r
                0x000000000800e878       0x10 c:/st/stm32cubeide_1.12.1/stm32cubeide/plugins/com.st.stm32cube.ide.mcu.externaltools.gnu-tools-for-stm32.10.3-2021.10.win32_1.0.200.202301161003/tools/bin/../lib/gcc/arm-none-eabi/10.3.1/../../../../arm-none-eabi/lib/thumb/v7e-m+fp/hard\libc_nano.a(lib_a-nano-msizer.o)
                0x000000000800e878                _malloc_usable_size_r
 .text.__retarget_lock_acquire_recursive
                0x000000000800e888        0x2 c:/st/stm32cubeide_1.12.1/stm32cubeide/plugins/com.st.stm32cube.ide.mcu.externaltools.gnu-tools-for-stm32.10.3-2021.10.win32_1.0.200.202301161003/tools/bin/../lib/gcc/arm-none-eabi/10.3.1/../../../../arm-none-eabi/lib/thumb/v7e-m+fp/hard\libc_nano.a(lib_a-lock.o)
                0x000000000800e888                __retarget_lock_acquire_recursive
 .text.__retarget_lock_release_recursive
                0x000000000800e88a        0x2 c:/st/stm32cubeide_1.12.1/stm32cubeide/plugins/com.st.stm32cube.ide.mcu.externaltools.gnu-tools-for-stm32.10.3-2021.10.win32_1.0.200.202301161003/tools/bin/../lib/gcc/arm-none-eabi/10.3.1/../../../../arm-none-eabi/lib/thumb/v7e-m+fp/hard\libc_nano.a(lib_a-lock.o)
                0x000000000800e88a                __retarget_lock_release_recursive
 *(.glue_7)
 .glue_7        0x000000000800e88c        0x0 linker stubs
 *(.glue_7t)
 .glue_7t       0x000000000800e88c        0x0 linker stubs
 *(.eh_frame)
 .eh_frame      0x000000000800e88c        0x0 c:/st/stm32cubeide_1.12.1/stm32cubeide/plugins/com.st.stm32cube.ide.mcu.externaltools.gnu-tools-for-stm32.10.3-2021.10.win32_1.0.200.202301161003/tools/bin/../lib/gcc/arm-none-eabi/10.3.1/thumb/v7e-m+fp/hard/crtbegin.o
 *(.init)
 .init          0x000000000800e88c        0x4 c:/st/stm32cubeide_1.12.1/stm32cubeide/plugins/com.st.stm32cube.ide.mcu.externaltools.gnu-tools-for-stm32.10.3-2021.10.win32_1.0.200.202301161003/tools/bin/../lib/gcc/arm-none-eabi/10.3.1/thumb/v7e-m+fp/hard/crti.o
                0x000000000800e88c                _init
 .init          0x000000000800e890        0x8 c:/st/stm32cubeide_1.12.1/stm32cubeide/plugins/com.st.stm32cube.ide.mcu.externaltools.gnu-tools-for-stm32.10.3-2021.10.win32_1.0.200.202301161003/tools/bin/../lib/gcc/arm-none-eabi/10.3.1/thumb/v7e-m+fp/hard/crtn.o
 *(.fini)
 .fini          0x000000000800e898        0x4 c:/st/stm32cubeide_1.12.1/stm32cubeide/plugins/com.st.stm32cube.ide.mcu.externaltools.gnu-tools-for-stm32.10.3-2021.10.win32_1.0.200.202301161003/tools/bin/../lib/gcc/arm-none-eabi/10.3.1/thumb/v7e-m+fp/hard/crti.o
                0x000000000800e898                _fini
 .fini          0x000000000800e89c        0x8 c:/st/stm32cubeide_1.12.1/stm32cubeide/plugins/com.st.stm32cube.ide.mcu.externaltools.gnu-tools-for-stm32.10.3-2021.10.win32_1.0.200.202301161003/tools/bin/../lib/gcc/arm-none-eabi/10.3.1/thumb/v7e-m+fp/hard/crtn.o
                0x000000000800e8a4                . = ALIGN (0x4)
                0x000000000800e8a4                _etext = .

.vfp11_veneer   0x000000000800e8a4        0x0
 .vfp11_veneer  0x000000000800e8a4        0x0 linker stubs

.v4_bx          0x000000000800e8a4        0x0
 .v4_bx         0x000000000800e8a4        0x0 linker stubs

.iplt           0x000000000800e8a4        0x0
 .iplt          0x000000000800e8a4        0x0 c:/st/stm32cubeide_1.12.1/stm32cubeide/plugins/com.st.stm32cube.ide.mcu.externaltools.gnu-tools-for-stm32.10.3-2021.10.win32_1.0.200.202301161003/tools/bin/../lib/gcc/arm-none-eabi/10.3.1/thumb/v7e-m+fp/hard/crtbegin.o

.rodata         0x000000000800e8a4      0x3cc
                0x000000000800e8a4                . = ALIGN (0x4)
 *(.rodata)
 .rodata        0x000000000800e8a4       0xab ./Core/Src/main.o
 *fill*         0x000000000800e94f        0x1 
 .rodata        0x000000000800e950        0x5 ./Middlewares/Third_Party/FreeRTOS/Source/tasks.o
 *fill*         0x000000000800e955        0x3 
 .rodata        0x000000000800e958        0xd ./Middlewares/Third_Party/FreeRTOS/Source/timers.o
 *fill*         0x000000000800e965        0x3 
 .rodata        0x000000000800e968       0x46 ./USB_DEVICE/App/usbd_desc.o
 *(.rodata*)
 *fill*         0x000000000800e9ae        0x2 
 .rodata.USB_Listen_attributes
                0x000000000800e9b0       0x24 ./Core/Src/main.o
                0x000000000800e9b0                USB_Listen_attributes
 .rodata.CheckZVS_attributes
                0x000000000800e9d4       0x24 ./Core/Src/main.o
                0x000000000800e9d4                CheckZVS_attributes
 .rodata.LEDStandby_attributes
                0x000000000800e9f8       0x24 ./Core/Src/main.o
                0x000000000800e9f8                LEDStandby_attributes
 .rodata.SelfTest_attributes
                0x000000000800ea1c       0x24 ./Core/Src/main.o
                0x000000000800ea1c                SelfTest_attributes
 .rodata.ProcessADC_attributes
                0x000000000800ea40       0x24 ./Core/Src/main.o
                0x000000000800ea40                ProcessADC_attributes
 .rodata.LED_Control_attributes
                0x000000000800ea64       0x24 ./Core/Src/main.o
                0x000000000800ea64                LED_Control_attributes
 .rodata.FiringSeq_attributes
                0x000000000800ea88       0x24 ./Core/Src/main.o
                0x000000000800ea88                FiringSeq_attributes
 .rodata.ZVStoVcap_attributes
                0x000000000800eaac       0x18 ./Core/Src/main.o
                0x000000000800eaac                ZVStoVcap_attributes
 .rodata.ISRtoProcessADC_attributes
                0x000000000800eac4       0x18 ./Core/Src/main.o
                0x000000000800eac4                ISRtoProcessADC_attributes
 .rodata.ProcessADCtoLED_attributes
                0x000000000800eadc       0x18 ./Core/Src/main.o
                0x000000000800eadc                ProcessADCtoLED_attributes
 .rodata.FiringData_attributes
                0x000000000800eaf4       0x18 ./Core/Src/main.o
                0x000000000800eaf4                FiringData_attributes
 .rodata.LEDs_attributes
                0x000000000800eb0c       0x10 ./Core/Src/main.o
                0x000000000800eb0c                LEDs_attributes
 .rodata.AHBPrescTable
                0x000000000800eb1c       0x10 ./Core/Src/system_stm32f4xx.o
                0x000000000800eb1c                AHBPrescTable
 .rodata.APBPrescTable
                0x000000000800eb2c        0x8 ./Core/Src/system_stm32f4xx.o
                0x000000000800eb2c                APBPrescTable
 .rodata.flagBitshiftOffset.0
                0x000000000800eb34        0x8 ./Drivers/STM32F4xx_HAL_Driver/Src/stm32f4xx_hal_dma.o
 .rodata._ctype_
                0x000000000800eb3c      0x101 c:/st/stm32cubeide_1.12.1/stm32cubeide/plugins/com.st.stm32cube.ide.mcu.externaltools.gnu-tools-for-stm32.10.3-2021.10.win32_1.0.200.202301161003/tools/bin/../lib/gcc/arm-none-eabi/10.3.1/../../../../arm-none-eabi/lib/thumb/v7e-m+fp/hard\libc_nano.a(lib_a-ctype_.o)
                0x000000000800eb3c                _ctype_
 .rodata._svfprintf_r.str1.1
                0x000000000800ec3d       0x11 c:/st/stm32cubeide_1.12.1/stm32cubeide/plugins/com.st.stm32cube.ide.mcu.externaltools.gnu-tools-for-stm32.10.3-2021.10.win32_1.0.200.202301161003/tools/bin/../lib/gcc/arm-none-eabi/10.3.1/../../../../arm-none-eabi/lib/thumb/v7e-m+fp/hard\libc_nano.a(lib_a-nano-svfprintf.o)
 .rodata._printf_i.str1.1
                0x000000000800ec4e       0x22 c:/st/stm32cubeide_1.12.1/stm32cubeide/plugins/com.st.stm32cube.ide.mcu.externaltools.gnu-tools-for-stm32.10.3-2021.10.win32_1.0.200.202301161003/tools/bin/../lib/gcc/arm-none-eabi/10.3.1/../../../../arm-none-eabi/lib/thumb/v7e-m+fp/hard\libc_nano.a(lib_a-nano-vfprintf_i.o)
                0x000000000800ec70                . = ALIGN (0x4)

.ARM.extab      0x000000000800ec70        0x0
                0x000000000800ec70                . = ALIGN (0x4)
 *(.ARM.extab* .gnu.linkonce.armextab.*)
                0x000000000800ec70                . = ALIGN (0x4)

.ARM            0x000000000800ec70        0x8
                0x000000000800ec70                . = ALIGN (0x4)
                0x000000000800ec70                __exidx_start = .
 *(.ARM.exidx*)
 .ARM.exidx     0x000000000800ec70        0x8 c:/st/stm32cubeide_1.12.1/stm32cubeide/plugins/com.st.stm32cube.ide.mcu.externaltools.gnu-tools-for-stm32.10.3-2021.10.win32_1.0.200.202301161003/tools/bin/../lib/gcc/arm-none-eabi/10.3.1/thumb/v7e-m+fp/hard\libgcc.a(_udivmoddi4.o)
                0x000000000800ec78                __exidx_end = .
                0x000000000800ec78                . = ALIGN (0x4)

.rel.dyn        0x000000000800ec78        0x0